Archive member included to satisfy reference by file (symbol)

c:/progra~2/gnuarm~1/102020~1/bin/../lib/gcc/arm-none-eabi/10.2.1/thumb/v6-m/nofp\libgcc.a(_dvmd_tls.o)
                              CMakeFiles/Lab11.dir/C_/pico/pico-sdk/src/rp2_common/pico_divider/divider.S.obj (__aeabi_idiv0)
c:/progra~2/gnuarm~1/102020~1/bin/../lib/gcc/arm-none-eabi/10.2.1/../../../../arm-none-eabi/lib/thumb/v6-m/nofp\libg.a(lib_a-calloc.o)
                              CMakeFiles/Lab11.dir/C_/pico/pico-sdk/src/rp2_common/pico_malloc/pico_malloc.c.obj (calloc)
c:/progra~2/gnuarm~1/102020~1/bin/../lib/gcc/arm-none-eabi/10.2.1/../../../../arm-none-eabi/lib/thumb/v6-m/nofp\libg.a(lib_a-callocr.o)
                              c:/progra~2/gnuarm~1/102020~1/bin/../lib/gcc/arm-none-eabi/10.2.1/../../../../arm-none-eabi/lib/thumb/v6-m/nofp\libg.a(lib_a-calloc.o) (_calloc_r)
c:/progra~2/gnuarm~1/102020~1/bin/../lib/gcc/arm-none-eabi/10.2.1/../../../../arm-none-eabi/lib/thumb/v6-m/nofp\libg.a(lib_a-ctype_.o)
                              CMakeFiles/Lab11.dir/C_/pico/pico-sdk/lib/tinyusb/src/tusb.c.obj (_ctype_)
c:/progra~2/gnuarm~1/102020~1/bin/../lib/gcc/arm-none-eabi/10.2.1/../../../../arm-none-eabi/lib/thumb/v6-m/nofp\libg.a(lib_a-impure.o)
                              c:/progra~2/gnuarm~1/102020~1/bin/../lib/gcc/arm-none-eabi/10.2.1/../../../../arm-none-eabi/lib/thumb/v6-m/nofp\libg.a(lib_a-calloc.o) (_impure_ptr)
c:/progra~2/gnuarm~1/102020~1/bin/../lib/gcc/arm-none-eabi/10.2.1/../../../../arm-none-eabi/lib/thumb/v6-m/nofp\libg.a(lib_a-init.o)
                              c:/progra~2/gnuarm~1/102020~1/bin/../lib/gcc/arm-none-eabi/10.2.1/../../../../arm-none-eabi/lib/thumb/v6-m/nofp/crt0.o (__libc_init_array)
c:/progra~2/gnuarm~1/102020~1/bin/../lib/gcc/arm-none-eabi/10.2.1/../../../../arm-none-eabi/lib/thumb/v6-m/nofp\libg.a(lib_a-malloc.o)
                              CMakeFiles/Lab11.dir/C_/pico/pico-sdk/src/rp2_common/pico_malloc/pico_malloc.c.obj (malloc)
c:/progra~2/gnuarm~1/102020~1/bin/../lib/gcc/arm-none-eabi/10.2.1/../../../../arm-none-eabi/lib/thumb/v6-m/nofp\libg.a(lib_a-mallocr.o)
                              c:/progra~2/gnuarm~1/102020~1/bin/../lib/gcc/arm-none-eabi/10.2.1/../../../../arm-none-eabi/lib/thumb/v6-m/nofp\libg.a(lib_a-callocr.o) (_malloc_r)
c:/progra~2/gnuarm~1/102020~1/bin/../lib/gcc/arm-none-eabi/10.2.1/../../../../arm-none-eabi/lib/thumb/v6-m/nofp\libg.a(lib_a-mlock.o)
                              c:/progra~2/gnuarm~1/102020~1/bin/../lib/gcc/arm-none-eabi/10.2.1/../../../../arm-none-eabi/lib/thumb/v6-m/nofp\libg.a(lib_a-mallocr.o) (__malloc_lock)
c:/progra~2/gnuarm~1/102020~1/bin/../lib/gcc/arm-none-eabi/10.2.1/../../../../arm-none-eabi/lib/thumb/v6-m/nofp\libg.a(lib_a-sbrkr.o)
                              c:/progra~2/gnuarm~1/102020~1/bin/../lib/gcc/arm-none-eabi/10.2.1/../../../../arm-none-eabi/lib/thumb/v6-m/nofp\libg.a(lib_a-mallocr.o) (_sbrk_r)
c:/progra~2/gnuarm~1/102020~1/bin/../lib/gcc/arm-none-eabi/10.2.1/../../../../arm-none-eabi/lib/thumb/v6-m/nofp\libg.a(lib_a-strlen-stub.o)
                              CMakeFiles/Lab11.dir/C_/pico/pico-sdk/src/rp2_common/pico_stdio/stdio.c.obj (strlen)
c:/progra~2/gnuarm~1/102020~1/bin/../lib/gcc/arm-none-eabi/10.2.1/../../../../arm-none-eabi/lib/thumb/v6-m/nofp\libg.a(lib_a-freer.o)
                              c:/progra~2/gnuarm~1/102020~1/bin/../lib/gcc/arm-none-eabi/10.2.1/../../../../arm-none-eabi/lib/thumb/v6-m/nofp\libg.a(lib_a-malloc.o) (_free_r)
c:/progra~2/gnuarm~1/102020~1/bin/../lib/gcc/arm-none-eabi/10.2.1/../../../../arm-none-eabi/lib/thumb/v6-m/nofp\libg.a(lib_a-lock.o)
                              c:/progra~2/gnuarm~1/102020~1/bin/../lib/gcc/arm-none-eabi/10.2.1/../../../../arm-none-eabi/lib/thumb/v6-m/nofp\libg.a(lib_a-mlock.o) (__retarget_lock_acquire_recursive)
c:/progra~2/gnuarm~1/102020~1/bin/../lib/gcc/arm-none-eabi/10.2.1/../../../../arm-none-eabi/lib/thumb/v6-m/nofp\libg.a(lib_a-reent.o)
                              c:/progra~2/gnuarm~1/102020~1/bin/../lib/gcc/arm-none-eabi/10.2.1/../../../../arm-none-eabi/lib/thumb/v6-m/nofp\libg.a(lib_a-sbrkr.o) (errno)

Discarded input sections

 .text          0x00000000        0x0 c:/progra~2/gnuarm~1/102020~1/bin/../lib/gcc/arm-none-eabi/10.2.1/thumb/v6-m/nofp/crti.o
 .data          0x00000000        0x0 c:/progra~2/gnuarm~1/102020~1/bin/../lib/gcc/arm-none-eabi/10.2.1/thumb/v6-m/nofp/crti.o
 .bss           0x00000000        0x0 c:/progra~2/gnuarm~1/102020~1/bin/../lib/gcc/arm-none-eabi/10.2.1/thumb/v6-m/nofp/crti.o
 .data          0x00000000        0x4 c:/progra~2/gnuarm~1/102020~1/bin/../lib/gcc/arm-none-eabi/10.2.1/thumb/v6-m/nofp/crtbegin.o
 .rodata        0x00000000       0x24 c:/progra~2/gnuarm~1/102020~1/bin/../lib/gcc/arm-none-eabi/10.2.1/thumb/v6-m/nofp/crtbegin.o
 .fini_array    0x00000000        0x4 c:/progra~2/gnuarm~1/102020~1/bin/../lib/gcc/arm-none-eabi/10.2.1/thumb/v6-m/nofp/crtbegin.o
[...]
Memory Configuration

Name             Origin             Length             Attributes
FLASH            0x10000000         0x00200000         xr
RAM              0x20000000         0x00040000         xrw
SCRATCH_X        0x20040000         0x00001000         xrw
SCRATCH_Y        0x20041000         0x00001000         xrw
*default*        0x00000000         0xffffffff

Linker script and memory map

LOAD c:/progra~2/gnuarm~1/102020~1/bin/../lib/gcc/arm-none-eabi/10.2.1/thumb/v6-m/nofp/crti.o
LOAD c:/progra~2/gnuarm~1/102020~1/bin/../lib/gcc/arm-none-eabi/10.2.1/thumb/v6-m/nofp/crtbegin.o
LOAD c:/progra~2/gnuarm~1/102020~1/bin/../lib/gcc/arm-none-eabi/10.2.1/../../../../arm-none-eabi/lib/thumb/v6-m/nofp/crt0.o

.flash_begin    0x10000000        0x0
                0x10000000                __flash_binary_start = .

.boot2          0x10000000      0x100
                0x10000000                __boot2_start__ = .
 *(.boot2)
 .boot2         0x10000000      0x100 C:\Users\ashle\AppData\Local\Temp\ccsR7wAO.o
                0x10000100                __boot2_end__ = .
                0x00000001                ASSERT (((__boot2_end__ - __boot2_start__) == 0x100), ERROR: Pico second stage bootloader must be 256 bytes in size)

.text           0x10000100     0x72b8
                0x10000100                __logical_binary_start = .
 *(.vectors)
 .vectors       0x10000100       0xd4 CMakeFiles/Lab11.dir/C_/pico/pico-sdk/src/rp2_common/pico_standard_link/crt0.S.obj
                0x10000100                __VECTOR_TABLE
                0x10000100                __vectors
                0x100001c0                isr_invalid
                0x100001c0                __default_isrs_start
                0x100001c2                isr_nmi
                0x100001c4                isr_hardfault
                0x100001c6                isr_svcall
                0x100001c8                isr_pendsv
                0x100001ca                isr_systick
                0x100001cc                isr_irq23
                0x100001cc                isr_irq18
                0x100001cc                isr_irq11
                0x100001cc                isr_irq28
                0x100001cc                isr_irq19
                0x100001cc                isr_irq0
                0x100001cc                isr_irq6
                0x100001cc                isr_irq5
                0x100001cc                isr_irq12
                0x100001cc                isr_irq22
                0x100001cc                isr_irq31
                0x100001cc                isr_irq17
                0x100001cc                isr_irq27
                0x100001cc                isr_irq30
                0x100001cc                isr_irq2
                0x100001cc                isr_irq10
                0x100001cc                isr_irq8
                0x100001cc                isr_irq24
                0x100001cc                isr_irq1
                0x100001cc                isr_irq7
                0x100001cc                isr_irq21
                0x100001cc                isr_irq20
                0x100001cc                isr_irq15
                0x100001cc                isr_irq25
                0x100001cc                isr_irq13
                0x100001cc                __unhandled_user_irq
                0x100001cc                isr_irq4
                0x100001cc                isr_irq16
                0x100001cc                isr_irq29
                0x100001cc                isr_irq26
                0x100001cc                __default_isrs_end
                0x100001cc                isr_irq3
                0x100001cc                isr_irq14
                0x100001cc                isr_irq9
                0x100001d2                unhandled_user_irq_num_in_r0
 *(.binary_info_header)
 .binary_info_header
                0x100001d4       0x14 CMakeFiles/Lab11.dir/C_/pico/pico-sdk/src/rp2_common/pico_standard_link/crt0.S.obj
                0x100001e8                __binary_info_header_end = .
 *(.reset)
 .reset         0x100001e8       0xa8 CMakeFiles/Lab11.dir/C_/pico/pico-sdk/src/rp2_common/pico_standard_link/crt0.S.obj
                0x100001e8                _entry_point
                0x10000266                __get_current_exception
 .reset         0x10000290       0x30 CMakeFiles/Lab11.dir/C_/pico/pico-sdk/src/rp2_common/pico_standard_link/binary_info.c.obj
 *(.init)
 .init          0x100002c0        0x4 c:/progra~2/gnuarm~1/102020~1/bin/../lib/gcc/arm-none-eabi/10.2.1/thumb/v6-m/nofp/crti.o
                0x100002c0                _init
 *(EXCLUDE_FILE(*libm.a: *libc.a:*lib_a-mem*.o *libgcc.a:) .text*)
 .text          0x100002c4       0x48 c:/progra~2/gnuarm~1/102020~1/bin/../lib/gcc/arm-none-eabi/10.2.1/thumb/v6-m/nofp/crtbegin.o
 .text.main     0x1000030c      0x170 CMakeFiles/Lab11.dir/main.c.obj
                0x1000030c                main
 .text.c_average
                0x1000047c       0x30 CMakeFiles/Lab11.dir/c_average.c.obj
                0x1000047c                c_average
 .text          0x100004ac       0x1c CMakeFiles/Lab11.dir/asm_average.s.obj
                0x100004ac                asm_average
 .text.gpio_set_function
                0x100004c8       0x30 CMakeFiles/Lab11.dir/C_/pico/pico-sdk/src/rp2_common/hardware_gpio/gpio.c.obj
                0x100004c8                gpio_set_function
 .text.hw_claim_lock
                0x100004f8       0x18 CMakeFiles/Lab11.dir/C_/pico/pico-sdk/src/rp2_common/hardware_claim/claim.c.obj
                0x100004f8                hw_claim_lock
 .text.hw_claim_unlock
                0x10000510       0x14 CMakeFiles/Lab11.dir/C_/pico/pico-sdk/src/rp2_common/hardware_claim/claim.c.obj
                0x10000510                hw_claim_unlock
 .text.hw_claim_or_assert
                0x10000524       0x32 CMakeFiles/Lab11.dir/C_/pico/pico-sdk/src/rp2_common/hardware_claim/claim.c.obj
                0x10000524                hw_claim_or_assert
 .text.hw_claim_unused_from_range
                0x10000556       0x50 CMakeFiles/Lab11.dir/C_/pico/pico-sdk/src/rp2_common/hardware_claim/claim.c.obj
                0x10000556                hw_claim_unused_from_range
 *fill*         0x100005a6        0x2 
 .text.running_on_fpga
                0x100005a8       0x14 CMakeFiles/Lab11.dir/C_/pico/pico-sdk/src/rp2_common/pico_platform/platform.c.obj
                0x100005a8                running_on_fpga
 .text.spin_locks_reset
                0x100005bc       0x20 CMakeFiles/Lab11.dir/C_/pico/pico-sdk/src/rp2_common/hardware_sync/sync.c.obj
                0x100005bc                spin_locks_reset
 .text.next_striped_spin_lock_num
                0x100005dc       0x1c CMakeFiles/Lab11.dir/C_/pico/pico-sdk/src/rp2_common/hardware_sync/sync.c.obj
                0x100005dc                next_striped_spin_lock_num
 .text.spin_lock_claim_unused
                0x100005f8       0x20 CMakeFiles/Lab11.dir/C_/pico/pico-sdk/src/rp2_common/hardware_sync/sync.c.obj
                0x100005f8                spin_lock_claim_unused
 .text.uart_set_baudrate
                0x10000618       0x5c CMakeFiles/Lab11.dir/C_/pico/pico-sdk/src/rp2_common/hardware_uart/uart.c.obj
                0x10000618                uart_set_baudrate
 .text.uart_set_translate_crlf
                0x10000674       0x28 CMakeFiles/Lab11.dir/C_/pico/pico-sdk/src/rp2_common/hardware_uart/uart.c.obj
                0x10000674                uart_set_translate_crlf
 .text.uart_init
                0x1000069c       0x80 CMakeFiles/Lab11.dir/C_/pico/pico-sdk/src/rp2_common/hardware_uart/uart.c.obj
                0x1000069c                uart_init
 .text.alarm_pool_post_alloc_init
                0x1000071c       0x40 CMakeFiles/Lab11.dir/C_/pico/pico-sdk/src/common/pico_time/time.c.obj
 .text.sleep_until_callback
                0x1000075c       0x30 CMakeFiles/Lab11.dir/C_/pico/pico-sdk/src/common/pico_time/time.c.obj
 .text.timer_pool_entry_comparator
                0x1000078c       0x7c CMakeFiles/Lab11.dir/C_/pico/pico-sdk/src/common/pico_time/time.c.obj
                0x1000078c                timer_pool_entry_comparator
 .text.ph_add_child_node
                0x10000808       0xa4 CMakeFiles/Lab11.dir/C_/pico/pico-sdk/src/common/pico_time/time.c.obj
 .text.ph_merge_nodes
                0x100008ac       0x3e CMakeFiles/Lab11.dir/C_/pico/pico-sdk/src/common/pico_time/time.c.obj
 *fill*         0x100008ea        0x2 
 .text.add_alarm_under_lock
                0x100008ec      0x174 CMakeFiles/Lab11.dir/C_/pico/pico-sdk/src/common/pico_time/time.c.obj
 .text.alarm_pool_alarm_callback
                0x10000a60      0x328 CMakeFiles/Lab11.dir/C_/pico/pico-sdk/src/common/pico_time/time.c.obj
 .text.alarm_pool_init_default
                0x10000d88       0x38 CMakeFiles/Lab11.dir/C_/pico/pico-sdk/src/common/pico_time/time.c.obj
                0x10000d88                alarm_pool_init_default
 .text.alarm_pool_get_default
                0x10000dc0       0x2c CMakeFiles/Lab11.dir/C_/pico/pico-sdk/src/common/pico_time/time.c.obj
                0x10000dc0                alarm_pool_get_default
 .text.alarm_pool_add_alarm_at
                0x10000dec      0x170 CMakeFiles/Lab11.dir/C_/pico/pico-sdk/src/common/pico_time/time.c.obj
                0x10000dec                alarm_pool_add_alarm_at
 .text.alarm_pool_cancel_alarm
                0x10000f5c       0xec CMakeFiles/Lab11.dir/C_/pico/pico-sdk/src/common/pico_time/time.c.obj
                0x10000f5c                alarm_pool_cancel_alarm
 .text.sleep_until
                0x10001048       0xfc CMakeFiles/Lab11.dir/C_/pico/pico-sdk/src/common/pico_time/time.c.obj
                0x10001048                sleep_until
 .text.sleep_us
                0x10001144       0x58 CMakeFiles/Lab11.dir/C_/pico/pico-sdk/src/common/pico_time/time.c.obj
                0x10001144                sleep_us
 .text.sleep_ms
                0x1000119c       0x14 CMakeFiles/Lab11.dir/C_/pico/pico-sdk/src/common/pico_time/time.c.obj
                0x1000119c                sleep_ms
 .text.best_effort_wfe_or_timeout
                0x100011b0       0x80 CMakeFiles/Lab11.dir/C_/pico/pico-sdk/src/common/pico_time/time.c.obj
                0x100011b0                best_effort_wfe_or_timeout
 .text.hardware_alarm_irq_handler
                0x10001230       0x8c CMakeFiles/Lab11.dir/C_/pico/pico-sdk/src/rp2_common/hardware_timer/timer.c.obj
 .text.hardware_alarm_claim
                0x100012bc       0x18 CMakeFiles/Lab11.dir/C_/pico/pico-sdk/src/rp2_common/hardware_timer/timer.c.obj
                0x100012bc                hardware_alarm_claim
 .text.time_us_64
                0x100012d4       0x18 CMakeFiles/Lab11.dir/C_/pico/pico-sdk/src/rp2_common/hardware_timer/timer.c.obj
                0x100012d4                time_us_64
 .text.busy_wait_until
                0x100012ec       0x28 CMakeFiles/Lab11.dir/C_/pico/pico-sdk/src/rp2_common/hardware_timer/timer.c.obj
                0x100012ec                busy_wait_until
 .text.hardware_alarm_set_callback
                0x10001314       0x90 CMakeFiles/Lab11.dir/C_/pico/pico-sdk/src/rp2_common/hardware_timer/timer.c.obj
                0x10001314                hardware_alarm_set_callback
 .text.hardware_alarm_set_target
                0x100013a4       0xe8 CMakeFiles/Lab11.dir/C_/pico/pico-sdk/src/rp2_common/hardware_timer/timer.c.obj
                0x100013a4                hardware_alarm_set_target
 .text.hardware_alarm_cancel
                0x1000148c       0x40 CMakeFiles/Lab11.dir/C_/pico/pico-sdk/src/rp2_common/hardware_timer/timer.c.obj
                0x1000148c                hardware_alarm_cancel
 .text.lock_init
                0x100014cc       0x10 CMakeFiles/Lab11.dir/C_/pico/pico-sdk/src/common/pico_sync/lock_core.c.obj
                0x100014cc                lock_init
 .text.mutex_init_internal
                0x100014dc       0x1e CMakeFiles/Lab11.dir/C_/pico/pico-sdk/src/common/pico_sync/mutex.c.obj
 .text.mutex_init
                0x100014fa        0xa CMakeFiles/Lab11.dir/C_/pico/pico-sdk/src/common/pico_sync/mutex.c.obj
                0x100014fa                mutex_init
 .text.recursive_mutex_init
                0x10001504        0xa CMakeFiles/Lab11.dir/C_/pico/pico-sdk/src/common/pico_sync/mutex.c.obj
                0x10001504                recursive_mutex_init
 *fill*         0x1000150e        0x2 
 .text.critical_section_init_with_lock_num
                0x10001510       0x14 CMakeFiles/Lab11.dir/C_/pico/pico-sdk/src/common/pico_sync/critical_section.c.obj
                0x10001510                critical_section_init_with_lock_num
 .text.critical_section_init
                0x10001524       0x14 CMakeFiles/Lab11.dir/C_/pico/pico-sdk/src/common/pico_sync/critical_section.c.obj
                0x10001524                critical_section_init
 .text.ph_add_child_node
                0x10001538       0xa4 CMakeFiles/Lab11.dir/C_/pico/pico-sdk/src/common/pico_util/pheap.c.obj
 .text.ph_merge_nodes
                0x100015dc       0x3e CMakeFiles/Lab11.dir/C_/pico/pico-sdk/src/common/pico_util/pheap.c.obj
 *fill*         0x1000161a        0x2 
 .text.ph_clear
                0x1000161c       0x70 CMakeFiles/Lab11.dir/C_/pico/pico-sdk/src/common/pico_util/pheap.c.obj
                0x1000161c                ph_clear
 .text.ph_post_alloc_init
                0x1000168c        0xe CMakeFiles/Lab11.dir/C_/pico/pico-sdk/src/common/pico_util/pheap.c.obj
                0x1000168c                ph_post_alloc_init
 *fill*         0x1000169a        0x2 
 .text.ph_merge_two_pass
                0x1000169c       0xa8 CMakeFiles/Lab11.dir/C_/pico/pico-sdk/src/common/pico_util/pheap.c.obj
                0x1000169c                ph_merge_two_pass
 .text.ph_remove_any_head
                0x10001744      0x108 CMakeFiles/Lab11.dir/C_/pico/pico-sdk/src/common/pico_util/pheap.c.obj
 .text.ph_remove_head
                0x1000184c       0x14 CMakeFiles/Lab11.dir/C_/pico/pico-sdk/src/common/pico_util/pheap.c.obj
                0x1000184c                ph_remove_head
 .text.ph_remove_and_free_node
                0x10001860       0xf8 CMakeFiles/Lab11.dir/C_/pico/pico-sdk/src/common/pico_util/pheap.c.obj
                0x10001860                ph_remove_and_free_node
 .text.runtime_init
                0x10001958       0xd8 CMakeFiles/Lab11.dir/C_/pico/pico-sdk/src/rp2_common/pico_runtime/runtime.c.obj
                0x10001958                runtime_init
 .text._exit    0x10001a30        0x4 CMakeFiles/Lab11.dir/C_/pico/pico-sdk/src/rp2_common/pico_runtime/runtime.c.obj
                0x10001a30                _exit
 .text.exit     0x10001a34        0x6 CMakeFiles/Lab11.dir/C_/pico/pico-sdk/src/rp2_common/pico_runtime/runtime.c.obj
                0x10001a34                exit
 *fill*         0x10001a3a        0x2 
 .text.__assert_func
                0x10001a3c       0x3c CMakeFiles/Lab11.dir/C_/pico/pico-sdk/src/rp2_common/pico_runtime/runtime.c.obj
                0x10001a3c                __assert_func
 .text.panic    0x10001a78       0x30 CMakeFiles/Lab11.dir/C_/pico/pico-sdk/src/rp2_common/pico_runtime/runtime.c.obj
                0x10001a78                panic
 .text.clock_configure
                0x10001aa8      0x104 CMakeFiles/Lab11.dir/C_/pico/pico-sdk/src/rp2_common/hardware_clocks/clocks.c.obj
                0x10001aa8                clock_configure
 .text.clocks_init
                0x10001bac      0x100 CMakeFiles/Lab11.dir/C_/pico/pico-sdk/src/rp2_common/hardware_clocks/clocks.c.obj
                0x10001bac                clocks_init
 .text.clock_get_hz
                0x10001cac        0xc CMakeFiles/Lab11.dir/C_/pico/pico-sdk/src/rp2_common/hardware_clocks/clocks.c.obj
                0x10001cac                clock_get_hz
 .text.set_raw_irq_handler_and_unlock
                0x10001cb8       0x28 CMakeFiles/Lab11.dir/C_/pico/pico-sdk/src/rp2_common/hardware_irq/irq.c.obj
 .text.make_branch
                0x10001ce0       0x34 CMakeFiles/Lab11.dir/C_/pico/pico-sdk/src/rp2_common/hardware_irq/irq.c.obj
 .text.insert_branch_and_link
                0x10001d14       0x40 CMakeFiles/Lab11.dir/C_/pico/pico-sdk/src/rp2_common/hardware_irq/irq.c.obj
 .text.irq_is_enabled
                0x10001d54       0x18 CMakeFiles/Lab11.dir/C_/pico/pico-sdk/src/rp2_common/hardware_irq/irq.c.obj
                0x10001d54                irq_is_enabled
 .text.irq_set_mask_enabled
                0x10001d6c       0x20 CMakeFiles/Lab11.dir/C_/pico/pico-sdk/src/rp2_common/hardware_irq/irq.c.obj
                0x10001d6c                irq_set_mask_enabled
 .text.irq_set_enabled
                0x10001d8c        0xe CMakeFiles/Lab11.dir/C_/pico/pico-sdk/src/rp2_common/hardware_irq/irq.c.obj
                0x10001d8c                irq_set_enabled
 *fill*         0x10001d9a        0x2 
 .text.irq_set_pending
                0x10001d9c       0x10 CMakeFiles/Lab11.dir/C_/pico/pico-sdk/src/rp2_common/hardware_irq/irq.c.obj
                0x10001d9c                irq_set_pending
 .text.irq_get_vtable_handler
                0x10001dac       0x10 CMakeFiles/Lab11.dir/C_/pico/pico-sdk/src/rp2_common/hardware_irq/irq.c.obj
                0x10001dac                irq_get_vtable_handler
 .text.irq_set_exclusive_handler
                0x10001dbc       0x54 CMakeFiles/Lab11.dir/C_/pico/pico-sdk/src/rp2_common/hardware_irq/irq.c.obj
                0x10001dbc                irq_set_exclusive_handler
 .text.irq_remove_handler
                0x10001e10      0x1ac CMakeFiles/Lab11.dir/C_/pico/pico-sdk/src/rp2_common/hardware_irq/irq.c.obj
                0x10001e10                irq_remove_handler
 .text.irq_set_priority
                0x10001fbc       0x28 CMakeFiles/Lab11.dir/C_/pico/pico-sdk/src/rp2_common/hardware_irq/irq.c.obj
                0x10001fbc                irq_set_priority
 .text.irq_add_tail_to_free_list
                0x10001fe4       0xf0 CMakeFiles/Lab11.dir/C_/pico/pico-sdk/src/rp2_common/hardware_irq/irq.c.obj
                0x10001fe4                irq_add_tail_to_free_list
 .text.irq_init_priorities
                0x100020d4       0x16 CMakeFiles/Lab11.dir/C_/pico/pico-sdk/src/rp2_common/hardware_irq/irq.c.obj
                0x100020d4                irq_init_priorities
 *fill*         0x100020ea        0x2 
 .text.pll_init
                0x100020ec      0x118 CMakeFiles/Lab11.dir/C_/pico/pico-sdk/src/rp2_common/hardware_pll/pll.c.obj
                0x100020ec                pll_init
 .text.watchdog_start_tick
                0x10002204       0x10 CMakeFiles/Lab11.dir/C_/pico/pico-sdk/src/rp2_common/hardware_watchdog/watchdog.c.obj
                0x10002204                watchdog_start_tick
 .text.watchdog_update
                0x10002214       0x14 CMakeFiles/Lab11.dir/C_/pico/pico-sdk/src/rp2_common/hardware_watchdog/watchdog.c.obj
                0x10002214                watchdog_update
 .text._watchdog_enable
                0x10002228       0x70 CMakeFiles/Lab11.dir/C_/pico/pico-sdk/src/rp2_common/hardware_watchdog/watchdog.c.obj
                0x10002228                _watchdog_enable
 .text.watchdog_reboot
                0x10002298       0x48 CMakeFiles/Lab11.dir/C_/pico/pico-sdk/src/rp2_common/hardware_watchdog/watchdog.c.obj
                0x10002298                watchdog_reboot
 .text.xosc_init
                0x100022e0       0x28 CMakeFiles/Lab11.dir/C_/pico/pico-sdk/src/rp2_common/hardware_xosc/xosc.c.obj
                0x100022e0                xosc_init
 .text._out_null
                0x10002308        0x2 CMakeFiles/Lab11.dir/C_/pico/pico-sdk/src/rp2_common/pico_printf/printf.c.obj
 .text._out_fct
                0x1000230a        0xe CMakeFiles/Lab11.dir/C_/pico/pico-sdk/src/rp2_common/pico_printf/printf.c.obj
 .text._atoi    0x10002318       0x24 CMakeFiles/Lab11.dir/C_/pico/pico-sdk/src/rp2_common/pico_printf/printf.c.obj
 .text._out_rev
                0x1000233c       0xae CMakeFiles/Lab11.dir/C_/pico/pico-sdk/src/rp2_common/pico_printf/printf.c.obj
 .text._ntoa_format
                0x100023ea      0x112 CMakeFiles/Lab11.dir/C_/pico/pico-sdk/src/rp2_common/pico_printf/printf.c.obj
 .text._ntoa_long
                0x100024fc       0xbc CMakeFiles/Lab11.dir/C_/pico/pico-sdk/src/rp2_common/pico_printf/printf.c.obj
 .text._ntoa_long_long
                0x100025b8       0xe2 CMakeFiles/Lab11.dir/C_/pico/pico-sdk/src/rp2_common/pico_printf/printf.c.obj
 *fill*         0x1000269a        0x2 
 .text._etoa    0x1000269c      0x414 CMakeFiles/Lab11.dir/C_/pico/pico-sdk/src/rp2_common/pico_printf/printf.c.obj
 .text._ftoa    0x10002ab0      0x354 CMakeFiles/Lab11.dir/C_/pico/pico-sdk/src/rp2_common/pico_printf/printf.c.obj
 .text._vsnprintf
                0x10002e04      0x624 CMakeFiles/Lab11.dir/C_/pico/pico-sdk/src/rp2_common/pico_printf/printf.c.obj
 .text.vfctprintf
                0x10003428       0x20 CMakeFiles/Lab11.dir/C_/pico/pico-sdk/src/rp2_common/pico_printf/printf.c.obj
                0x10003428                vfctprintf
 .text          0x10003448       0x10 CMakeFiles/Lab11.dir/C_/pico/pico-sdk/src/rp2_common/pico_bit_ops/bit_ops_aeabi.S.obj
 .text.rom_func_lookup
                0x10003458       0x10 CMakeFiles/Lab11.dir/C_/pico/pico-sdk/src/rp2_common/pico_bootrom/bootrom.c.obj
                0x10003458                rom_func_lookup
 .text.rom_data_lookup
                0x10003468       0x10 CMakeFiles/Lab11.dir/C_/pico/pico-sdk/src/rp2_common/pico_bootrom/bootrom.c.obj
                0x10003468                rom_data_lookup
 .text.rom_funcs_lookup
                0x10003478       0x36 CMakeFiles/Lab11.dir/C_/pico/pico-sdk/src/rp2_common/pico_bootrom/bootrom.c.obj
                0x10003478                rom_funcs_lookup
 *fill*         0x100034ae        0x2 
 .text.__wrap___aeabi_idiv
                0x100034b0       0x50 CMakeFiles/Lab11.dir/C_/pico/pico-sdk/src/rp2_common/pico_divider/divider.S.obj
                0x100034b0                __wrap___aeabi_idivmod
                0x100034b0                divmod_s32s32
                0x100034b0                div_s32s32
                0x100034b0                __wrap___aeabi_idiv
                0x100034b8                divmod_s32s32_unsafe
                0x100034e4                divmod_s32s32_savestate
 .text.__wrap___aeabi_uidiv
                0x10003500       0x4c CMakeFiles/Lab11.dir/C_/pico/pico-sdk/src/rp2_common/pico_divider/divider.S.obj
                0x10003500                __wrap___aeabi_uidiv
                0x10003500                __wrap___aeabi_uidivmod
                0x10003500                div_u32u32
                0x10003500                divmod_u32u32
                0x10003508                divmod_u32u32_unsafe
                0x10003530                divmod_u32u32_savestate
 .text.__wrap___aeabi_ldiv
                0x1000354c      0x430 CMakeFiles/Lab11.dir/C_/pico/pico-sdk/src/rp2_common/pico_divider/divider.S.obj
                0x1000354c                div_s64s64
                0x1000354c                divmod_s64s64
                0x1000354c                __wrap___aeabi_ldivmod
                0x10003584                divmod_u64u64
                0x10003584                div_u64u64
                0x10003584                __wrap___aeabi_uldivmod
                0x10003594                divmod_u64u64_savestate
                0x100035bc                divmod_s64s64_unsafe
                0x10003644                divmod_u64u64_unsafe
 .text.__wrap___aeabi_darithmetic
                0x1000397c       0x80 CMakeFiles/Lab11.dir/C_/pico/pico-sdk/src/rp2_common/pico_double/double_aeabi.S.obj
                0x1000397c                __wrap___aeabi_drsub
                0x10003982                __wrap___aeabi_dsub
                0x10003994                __wrap___aeabi_dadd
                0x100039a6                __wrap___aeabi_ddiv
                0x100039e2                __wrap___aeabi_dmul
 .text.__wrap___aeabi_cdcmple
                0x100039fc       0x6c CMakeFiles/Lab11.dir/C_/pico/pico-sdk/src/rp2_common/pico_double/double_aeabi.S.obj
                0x100039fc                __wrap___aeabi_cdrcmple
                0x10003a0c                __wrap___aeabi_cdcmpeq
                0x10003a0c                __wrap___aeabi_cdcmple
 .text.__wrap___aeabi_dcmplt
                0x10003a68        0xc CMakeFiles/Lab11.dir/C_/pico/pico-sdk/src/rp2_common/pico_double/double_aeabi.S.obj
                0x10003a68                __wrap___aeabi_dcmplt
 .text.__wrap___aeabi_dcmple
                0x10003a74       0x10 CMakeFiles/Lab11.dir/C_/pico/pico-sdk/src/rp2_common/pico_double/double_aeabi.S.obj
                0x10003a74                __wrap___aeabi_dcmple
 .text.__wrap___aeabi_dcmpge
                0x10003a84       0x10 CMakeFiles/Lab11.dir/C_/pico/pico-sdk/src/rp2_common/pico_double/double_aeabi.S.obj
                0x10003a84                __wrap___aeabi_dcmpge
 .text.__wrap___aeabi_dcmpgt
                0x10003a94        0xa CMakeFiles/Lab11.dir/C_/pico/pico-sdk/src/rp2_common/pico_double/double_aeabi.S.obj
                0x10003a94                __wrap___aeabi_dcmpgt
 .text.__wrap___aeabi_dcmpun
                0x10003a9e       0x1c CMakeFiles/Lab11.dir/C_/pico/pico-sdk/src/rp2_common/pico_double/double_aeabi.S.obj
                0x10003a9e                __wrap___aeabi_dcmpun
 *fill*         0x10003aba        0x2 
 .text.__wrap___aeabi_i2d
                0x10003abc       0x38 CMakeFiles/Lab11.dir/C_/pico/pico-sdk/src/rp2_common/pico_double/double_aeabi.S.obj
                0x10003abc                __wrap___aeabi_ui2d
                0x10003ac4                __wrap___aeabi_i2d
 .text.__wrap___aeabi_d2iz
                0x10003af4       0x48 CMakeFiles/Lab11.dir/C_/pico/pico-sdk/src/rp2_common/pico_double/double_aeabi.S.obj
                0x10003af4                double2int_z
                0x10003af4                __wrap___aeabi_d2iz
 .text.__wrap___aeabi_d2uiz
                0x10003b3c       0x18 CMakeFiles/Lab11.dir/C_/pico/pico-sdk/src/rp2_common/pico_double/double_aeabi.S.obj
                0x10003b3c                __wrap___aeabi_d2uiz
                0x10003b3c                double2uint
 .text.__aeabi_double_init
                0x10003b54       0xb8 CMakeFiles/Lab11.dir/C_/pico/pico-sdk/src/rp2_common/pico_double/double_init_rom.c.obj
                0x10003b54                __aeabi_double_init
 .text.double_table_shim_on_use_helper
                0x10003c0c       0x34 CMakeFiles/Lab11.dir/C_/pico/pico-sdk/src/rp2_common/pico_double/double_v1_rom_shim.S.obj
                0x10003c0c                double_table_shim_on_use_helper
 .text.__wrap___aeabi_dsub
                0x10003c40       0x10 CMakeFiles/Lab11.dir/C_/pico/pico-sdk/src/rp2_common/pico_double/double_v1_rom_shim.S.obj
                0x10003c40                drsub_shim
                0x10003c46                dsub_shim
 .text.dadd_shim
                0x10003c50      0x15c CMakeFiles/Lab11.dir/C_/pico/pico-sdk/src/rp2_common/pico_double/double_v1_rom_shim.S.obj
                0x10003c50                dadd_shim
 .text.dmul_shim
                0x10003dac      0x15c CMakeFiles/Lab11.dir/C_/pico/pico-sdk/src/rp2_common/pico_double/double_v1_rom_shim.S.obj
                0x10003dac                dmul_shim
 .text.ddiv_shim
                0x10003f08      0x1b0 CMakeFiles/Lab11.dir/C_/pico/pico-sdk/src/rp2_common/pico_double/double_v1_rom_shim.S.obj
                0x10003f08                ddiv_shim
 .text.dcordic_rot_step
                0x100040b8       0x7c CMakeFiles/Lab11.dir/C_/pico/pico-sdk/src/rp2_common/pico_double/double_v1_rom_shim.S.obj
                0x100040b8                dcordic_rot_step
 .text.double2uint_shim
                0x10004134        0xe CMakeFiles/Lab11.dir/C_/pico/pico-sdk/src/rp2_common/pico_double/double_v1_rom_shim.S.obj
                0x10004134                double2uint_shim
                0x10004136                double2ufix_shim
 *fill*         0x10004142        0x2 
 .text.double2uint64_shim
                0x10004144       0x6c CMakeFiles/Lab11.dir/C_/pico/pico-sdk/src/rp2_common/pico_double/double_v1_rom_shim.S.obj
                0x10004144                double2uint64_shim
                0x10004146                double2ufix64_shim
                0x10004160                d2fix_a
 .text.dunpacks
                0x100041b0       0x3c CMakeFiles/Lab11.dir/C_/pico/pico-sdk/src/rp2_common/pico_double/double_v1_rom_shim.S.obj
                0x100041b0                dunpacks
 .text.__aeabi_lmul
                0x100041ec       0x32 CMakeFiles/Lab11.dir/C_/pico/pico-sdk/src/rp2_common/pico_int64_ops/pico_int64_ops_aeabi.S.obj
                0x100041ec                __wrap___aeabi_lmul
 *fill*         0x1000421e        0x2 
 .text.__aeabi_float_init
                0x10004220       0xfc CMakeFiles/Lab11.dir/C_/pico/pico-sdk/src/rp2_common/pico_float/float_init_rom.c.obj
                0x10004220                __aeabi_float_init
 .text.float_table_shim_on_use_helper
                0x1000431c       0x34 CMakeFiles/Lab11.dir/C_/pico/pico-sdk/src/rp2_common/pico_float/float_v1_rom_shim.S.obj
                0x1000431c                float_table_shim_on_use_helper
 .text          0x10004350       0x10 CMakeFiles/Lab11.dir/C_/pico/pico-sdk/src/rp2_common/pico_mem_ops/mem_ops_aeabi.S.obj
                0x10004350                __aeabi_mem_init
 .text.memset   0x10004360        0xc CMakeFiles/Lab11.dir/C_/pico/pico-sdk/src/rp2_common/pico_mem_ops/mem_ops_aeabi.S.obj
                0x10004360                __wrap_memset
 .text.memcpy   0x1000436c        0xc CMakeFiles/Lab11.dir/C_/pico/pico-sdk/src/rp2_common/pico_mem_ops/mem_ops_aeabi.S.obj
                0x1000436c                __wrap_memcpy
                0x1000436c                __wrap___aeabi_memcpy
 .text.stdio_out_chars_crlf
                0x10004378       0x80 CMakeFiles/Lab11.dir/C_/pico/pico-sdk/src/rp2_common/pico_stdio/stdio.c.obj
 .text.stdio_stack_buffer_flush
                0x100043f8       0x44 CMakeFiles/Lab11.dir/C_/pico/pico-sdk/src/rp2_common/pico_stdio/stdio.c.obj
 .text.stdio_buffered_printer
                0x1000443c       0x20 CMakeFiles/Lab11.dir/C_/pico/pico-sdk/src/rp2_common/pico_stdio/stdio.c.obj
 .text.stdout_serialize_begin
                0x1000445c       0x30 CMakeFiles/Lab11.dir/C_/pico/pico-sdk/src/rp2_common/pico_stdio/stdio.c.obj
                0x1000445c                stdout_serialize_begin
 .text.stdout_serialize_end
                0x1000448c       0x10 CMakeFiles/Lab11.dir/C_/pico/pico-sdk/src/rp2_common/pico_stdio/stdio.c.obj
                0x1000448c                stdout_serialize_end
 .text.stdio_put_string
                0x1000449c       0x84 CMakeFiles/Lab11.dir/C_/pico/pico-sdk/src/rp2_common/pico_stdio/stdio.c.obj
 .text.stdio_set_driver_enabled
                0x10004520       0x38 CMakeFiles/Lab11.dir/C_/pico/pico-sdk/src/rp2_common/pico_stdio/stdio.c.obj
                0x10004520                stdio_set_driver_enabled
 .text.stdio_flush
                0x10004558       0x20 CMakeFiles/Lab11.dir/C_/pico/pico-sdk/src/rp2_common/pico_stdio/stdio.c.obj
                0x10004558                stdio_flush
 .text.__wrap_puts
                0x10004578       0x1c CMakeFiles/Lab11.dir/C_/pico/pico-sdk/src/rp2_common/pico_stdio/stdio.c.obj
                0x10004578                __wrap_puts
 .text.__wrap_vprintf
                0x10004594       0x44 CMakeFiles/Lab11.dir/C_/pico/pico-sdk/src/rp2_common/pico_stdio/stdio.c.obj
                0x10004594                __wrap_vprintf
 .text.__wrap_printf
                0x100045d8       0x18 CMakeFiles/Lab11.dir/C_/pico/pico-sdk/src/rp2_common/pico_stdio/stdio.c.obj
                0x100045d8                __wrap_printf
 .text.stdio_init_all
                0x100045f0        0xc CMakeFiles/Lab11.dir/C_/pico/pico-sdk/src/rp2_common/pico_stdio/stdio.c.obj
                0x100045f0                stdio_init_all
 .text.stdio_uart_out_chars
                0x100045fc       0x74 CMakeFiles/Lab11.dir/C_/pico/pico-sdk/src/rp2_common/pico_stdio_uart/stdio_uart.c.obj
 .text.stdio_uart_in_chars
                0x10004670       0x58 CMakeFiles/Lab11.dir/C_/pico/pico-sdk/src/rp2_common/pico_stdio_uart/stdio_uart.c.obj
                0x10004670                stdio_uart_in_chars
 .text.stdio_uart_init_full
                0x100046c8       0x3c CMakeFiles/Lab11.dir/C_/pico/pico-sdk/src/rp2_common/pico_stdio_uart/stdio_uart.c.obj
                0x100046c8                stdio_uart_init_full
 .text.stdio_uart_init
                0x10004704       0x28 CMakeFiles/Lab11.dir/C_/pico/pico-sdk/src/rp2_common/pico_stdio_uart/stdio_uart.c.obj
                0x10004704                stdio_uart_init
 .text.resetd_init
                0x1000472c        0x2 CMakeFiles/Lab11.dir/C_/pico/pico-sdk/src/rp2_common/pico_stdio_usb/reset_interface.c.obj
 *fill*         0x1000472e        0x2 
 .text.resetd_reset
                0x10004730        0xc CMakeFiles/Lab11.dir/C_/pico/pico-sdk/src/rp2_common/pico_stdio_usb/reset_interface.c.obj
 .text.resetd_open
                0x1000473c       0x34 CMakeFiles/Lab11.dir/C_/pico/pico-sdk/src/rp2_common/pico_stdio_usb/reset_interface.c.obj
 .text.resetd_xfer_cb
                0x10004770        0x4 CMakeFiles/Lab11.dir/C_/pico/pico-sdk/src/rp2_common/pico_stdio_usb/reset_interface.c.obj
 .text.reset_usb_boot
                0x10004774       0x18 CMakeFiles/Lab11.dir/C_/pico/pico-sdk/src/rp2_common/pico_stdio_usb/reset_interface.c.obj
 .text.resetd_control_xfer_cb
                0x1000478c       0x5c CMakeFiles/Lab11.dir/C_/pico/pico-sdk/src/rp2_common/pico_stdio_usb/reset_interface.c.obj
 .text.usbd_app_driver_get_cb
                0x100047e8        0xc CMakeFiles/Lab11.dir/C_/pico/pico-sdk/src/rp2_common/pico_stdio_usb/reset_interface.c.obj
                0x100047e8                usbd_app_driver_get_cb
 .text.tud_cdc_line_coding_cb
                0x100047f4       0x28 CMakeFiles/Lab11.dir/C_/pico/pico-sdk/src/rp2_common/pico_stdio_usb/reset_interface.c.obj
                0x100047f4                tud_cdc_line_coding_cb
 .text.stdio_usb_in_chars
                0x1000481c       0x70 CMakeFiles/Lab11.dir/C_/pico/pico-sdk/src/rp2_common/pico_stdio_usb/stdio_usb.c.obj
                0x1000481c                stdio_usb_in_chars
 .text.low_priority_worker_irq
                0x1000488c       0x20 CMakeFiles/Lab11.dir/C_/pico/pico-sdk/src/rp2_common/pico_stdio_usb/stdio_usb.c.obj
 .text.stdio_usb_out_chars
                0x100048ac       0xd4 CMakeFiles/Lab11.dir/C_/pico/pico-sdk/src/rp2_common/pico_stdio_usb/stdio_usb.c.obj
 .text.timer_task
                0x10004980       0x10 CMakeFiles/Lab11.dir/C_/pico/pico-sdk/src/rp2_common/pico_stdio_usb/stdio_usb.c.obj
 .text.stdio_usb_init
                0x10004990       0xb8 CMakeFiles/Lab11.dir/C_/pico/pico-sdk/src/rp2_common/pico_stdio_usb/stdio_usb.c.obj
                0x10004990                stdio_usb_init
 .text.tud_descriptor_device_cb
                0x10004a48        0x8 CMakeFiles/Lab11.dir/C_/pico/pico-sdk/src/rp2_common/pico_stdio_usb/stdio_usb_descriptors.c.obj
                0x10004a48                tud_descriptor_device_cb
 .text.tud_descriptor_configuration_cb
                0x10004a50        0x8 CMakeFiles/Lab11.dir/C_/pico/pico-sdk/src/rp2_common/pico_stdio_usb/stdio_usb_descriptors.c.obj
                0x10004a50                tud_descriptor_configuration_cb
 .text.tud_descriptor_string_cb
                0x10004a58       0x68 CMakeFiles/Lab11.dir/C_/pico/pico-sdk/src/rp2_common/pico_stdio_usb/stdio_usb_descriptors.c.obj
                0x10004a58                tud_descriptor_string_cb
 .text.hw_endpoint_get_by_addr
                0x10004ac0       0x18 CMakeFiles/Lab11.dir/C_/pico/pico-sdk/lib/tinyusb/src/portable/raspberrypi/rp2040/dcd_rp2040.c.obj
 .text.reset_ep0
                0x10004ad8       0x2c CMakeFiles/Lab11.dir/C_/pico/pico-sdk/lib/tinyusb/src/portable/raspberrypi/rp2040/dcd_rp2040.c.obj
 .text._hw_endpoint_alloc
                0x10004b04       0x80 CMakeFiles/Lab11.dir/C_/pico/pico-sdk/lib/tinyusb/src/portable/raspberrypi/rp2040/dcd_rp2040.c.obj
 .text._hw_endpoint_init
                0x10004b84       0xbc CMakeFiles/Lab11.dir/C_/pico/pico-sdk/lib/tinyusb/src/portable/raspberrypi/rp2040/dcd_rp2040.c.obj
 .text.hw_endpoint_init
                0x10004c40       0x18 CMakeFiles/Lab11.dir/C_/pico/pico-sdk/lib/tinyusb/src/portable/raspberrypi/rp2040/dcd_rp2040.c.obj
 .text.hw_handle_buff_status
                0x10004c58       0xb4 CMakeFiles/Lab11.dir/C_/pico/pico-sdk/lib/tinyusb/src/portable/raspberrypi/rp2040/dcd_rp2040.c.obj
 .text.dcd_rp2040_irq
                0x10004d0c       0xa8 CMakeFiles/Lab11.dir/C_/pico/pico-sdk/lib/tinyusb/src/portable/raspberrypi/rp2040/dcd_rp2040.c.obj
 .text.hw_endpoint_xfer
                0x10004db4       0x18 CMakeFiles/Lab11.dir/C_/pico/pico-sdk/lib/tinyusb/src/portable/raspberrypi/rp2040/dcd_rp2040.c.obj
 .text.ep0_0len_status
                0x10004dcc       0x14 CMakeFiles/Lab11.dir/C_/pico/pico-sdk/lib/tinyusb/src/portable/raspberrypi/rp2040/dcd_rp2040.c.obj
 .text._hw_endpoint_stall
                0x10004de0       0x54 CMakeFiles/Lab11.dir/C_/pico/pico-sdk/lib/tinyusb/src/portable/raspberrypi/rp2040/dcd_rp2040.c.obj
 .text.hw_endpoint_stall
                0x10004e34        0xc CMakeFiles/Lab11.dir/C_/pico/pico-sdk/lib/tinyusb/src/portable/raspberrypi/rp2040/dcd_rp2040.c.obj
 .text._hw_endpoint_clear_stall
                0x10004e40       0x34 CMakeFiles/Lab11.dir/C_/pico/pico-sdk/lib/tinyusb/src/portable/raspberrypi/rp2040/dcd_rp2040.c.obj
 .text.hw_endpoint_clear_stall
                0x10004e74        0xc CMakeFiles/Lab11.dir/C_/pico/pico-sdk/lib/tinyusb/src/portable/raspberrypi/rp2040/dcd_rp2040.c.obj
 .text.dcd_int_enable
                0x10004e80       0x2c CMakeFiles/Lab11.dir/C_/pico/pico-sdk/lib/tinyusb/src/portable/raspberrypi/rp2040/dcd_rp2040.c.obj
                0x10004e80                dcd_int_enable
 .text.dcd_set_address
                0x10004eac       0x28 CMakeFiles/Lab11.dir/C_/pico/pico-sdk/lib/tinyusb/src/portable/raspberrypi/rp2040/dcd_rp2040.c.obj
                0x10004eac                dcd_set_address
 .text.dcd_connect
                0x10004ed4       0x30 CMakeFiles/Lab11.dir/C_/pico/pico-sdk/lib/tinyusb/src/portable/raspberrypi/rp2040/dcd_rp2040.c.obj
                0x10004ed4                dcd_connect
 .text.dcd_init
                0x10004f04       0x84 CMakeFiles/Lab11.dir/C_/pico/pico-sdk/lib/tinyusb/src/portable/raspberrypi/rp2040/dcd_rp2040.c.obj
                0x10004f04                dcd_init
 .text.dcd_edpt0_status_complete
                0x10004f88       0x40 CMakeFiles/Lab11.dir/C_/pico/pico-sdk/lib/tinyusb/src/portable/raspberrypi/rp2040/dcd_rp2040.c.obj
                0x10004f88                dcd_edpt0_status_complete
 .text.dcd_edpt_open
                0x10004fc8       0x40 CMakeFiles/Lab11.dir/C_/pico/pico-sdk/lib/tinyusb/src/portable/raspberrypi/rp2040/dcd_rp2040.c.obj
                0x10004fc8                dcd_edpt_open
 .text.dcd_edpt_xfer
                0x10005008       0x34 CMakeFiles/Lab11.dir/C_/pico/pico-sdk/lib/tinyusb/src/portable/raspberrypi/rp2040/dcd_rp2040.c.obj
                0x10005008                dcd_edpt_xfer
 .text.dcd_edpt_stall
                0x1000503c       0x28 CMakeFiles/Lab11.dir/C_/pico/pico-sdk/lib/tinyusb/src/portable/raspberrypi/rp2040/dcd_rp2040.c.obj
                0x1000503c                dcd_edpt_stall
 .text.dcd_edpt_clear_stall
                0x10005064       0x2c CMakeFiles/Lab11.dir/C_/pico/pico-sdk/lib/tinyusb/src/portable/raspberrypi/rp2040/dcd_rp2040.c.obj
                0x10005064                dcd_edpt_clear_stall
 .text.rp2040_usb_init
                0x10005090       0x50 CMakeFiles/Lab11.dir/C_/pico/pico-sdk/lib/tinyusb/src/portable/raspberrypi/rp2040/rp2040_usb.c.obj
                0x10005090                rp2040_usb_init
 .text.hw_endpoint_reset_transfer
                0x100050e0       0x10 CMakeFiles/Lab11.dir/C_/pico/pico-sdk/lib/tinyusb/src/portable/raspberrypi/rp2040/rp2040_usb.c.obj
                0x100050e0                hw_endpoint_reset_transfer
 .text._hw_endpoint_buffer_control_update32
                0x100050f0       0x58 CMakeFiles/Lab11.dir/C_/pico/pico-sdk/lib/tinyusb/src/portable/raspberrypi/rp2040/rp2040_usb.c.obj
                0x100050f0                _hw_endpoint_buffer_control_update32
 .text._hw_endpoint_start_next_buffer
                0x10005148       0x50 CMakeFiles/Lab11.dir/C_/pico/pico-sdk/lib/tinyusb/src/portable/raspberrypi/rp2040/rp2040_usb.c.obj
                0x10005148                _hw_endpoint_start_next_buffer
 .text._hw_endpoint_xfer_start
                0x10005198       0x3e CMakeFiles/Lab11.dir/C_/pico/pico-sdk/lib/tinyusb/src/portable/raspberrypi/rp2040/rp2040_usb.c.obj
                0x10005198                _hw_endpoint_xfer_start
 *fill*         0x100051d6        0x2 
 .text._hw_endpoint_xfer_sync
                0x100051d8       0x74 CMakeFiles/Lab11.dir/C_/pico/pico-sdk/lib/tinyusb/src/portable/raspberrypi/rp2040/rp2040_usb.c.obj
                0x100051d8                _hw_endpoint_xfer_sync
 .text._hw_endpoint_xfer_continue
                0x1000524c       0x60 CMakeFiles/Lab11.dir/C_/pico/pico-sdk/lib/tinyusb/src/portable/raspberrypi/rp2040/rp2040_usb.c.obj
                0x1000524c                _hw_endpoint_xfer_continue
 .text._hw_endpoint_xfer
                0x100052ac       0x34 CMakeFiles/Lab11.dir/C_/pico/pico-sdk/lib/tinyusb/src/portable/raspberrypi/rp2040/rp2040_usb.c.obj
                0x100052ac                _hw_endpoint_xfer
 .text.mark_interface_endpoint
                0x100052e0       0x2a CMakeFiles/Lab11.dir/C_/pico/pico-sdk/lib/tinyusb/src/device/usbd.c.obj
 *fill*         0x1000530a        0x2 
 .text.usbd_reset
                0x1000530c       0x88 CMakeFiles/Lab11.dir/C_/pico/pico-sdk/lib/tinyusb/src/device/usbd.c.obj
 .text.invoke_class_control
                0x10005394       0x1a CMakeFiles/Lab11.dir/C_/pico/pico-sdk/lib/tinyusb/src/device/usbd.c.obj
 *fill*         0x100053ae        0x2 
 .text.process_set_config
                0x100053b0      0x1d4 CMakeFiles/Lab11.dir/C_/pico/pico-sdk/lib/tinyusb/src/device/usbd.c.obj
 .text.process_get_descriptor
                0x10005584       0xf8 CMakeFiles/Lab11.dir/C_/pico/pico-sdk/lib/tinyusb/src/device/usbd.c.obj
 .text.tud_mounted
                0x1000567c       0x10 CMakeFiles/Lab11.dir/C_/pico/pico-sdk/lib/tinyusb/src/device/usbd.c.obj
                0x1000567c                tud_mounted
 .text.tud_suspended
                0x1000568c       0x10 CMakeFiles/Lab11.dir/C_/pico/pico-sdk/lib/tinyusb/src/device/usbd.c.obj
                0x1000568c                tud_suspended
 .text.tud_inited
                0x1000569c        0xc CMakeFiles/Lab11.dir/C_/pico/pico-sdk/lib/tinyusb/src/device/usbd.c.obj
                0x1000569c                tud_inited
 .text.tud_init
                0x100056a8       0xcc CMakeFiles/Lab11.dir/C_/pico/pico-sdk/lib/tinyusb/src/device/usbd.c.obj
                0x100056a8                tud_init
 .text.dcd_event_handler
                0x10005774      0x174 CMakeFiles/Lab11.dir/C_/pico/pico-sdk/lib/tinyusb/src/device/usbd.c.obj
                0x10005774                dcd_event_handler
 .text.dcd_event_bus_signal
                0x100058e8       0x26 CMakeFiles/Lab11.dir/C_/pico/pico-sdk/lib/tinyusb/src/device/usbd.c.obj
                0x100058e8                dcd_event_bus_signal
 .text.dcd_event_bus_reset
                0x1000590e       0x2a CMakeFiles/Lab11.dir/C_/pico/pico-sdk/lib/tinyusb/src/device/usbd.c.obj
                0x1000590e                dcd_event_bus_reset
 .text.dcd_event_setup_received
                0x10005938       0x34 CMakeFiles/Lab11.dir/C_/pico/pico-sdk/lib/tinyusb/src/device/usbd.c.obj
                0x10005938                dcd_event_setup_received
 .text.dcd_event_xfer_complete
                0x1000596c       0x44 CMakeFiles/Lab11.dir/C_/pico/pico-sdk/lib/tinyusb/src/device/usbd.c.obj
                0x1000596c                dcd_event_xfer_complete
 .text.usbd_edpt_open
                0x100059b0       0xe0 CMakeFiles/Lab11.dir/C_/pico/pico-sdk/lib/tinyusb/src/device/usbd.c.obj
                0x100059b0                usbd_edpt_open
 .text.usbd_open_edpt_pair
                0x10005a90       0x8c CMakeFiles/Lab11.dir/C_/pico/pico-sdk/lib/tinyusb/src/device/usbd.c.obj
                0x10005a90                usbd_open_edpt_pair
 .text.usbd_edpt_claim
                0x10005b1c       0x8c CMakeFiles/Lab11.dir/C_/pico/pico-sdk/lib/tinyusb/src/device/usbd.c.obj
                0x10005b1c                usbd_edpt_claim
 .text.usbd_edpt_release
                0x10005ba8       0x68 CMakeFiles/Lab11.dir/C_/pico/pico-sdk/lib/tinyusb/src/device/usbd.c.obj
                0x10005ba8                usbd_edpt_release
 .text.usbd_edpt_xfer
                0x10005c10       0x80 CMakeFiles/Lab11.dir/C_/pico/pico-sdk/lib/tinyusb/src/device/usbd.c.obj
                0x10005c10                usbd_edpt_xfer
 .text.usbd_edpt_stall
                0x10005c90       0x2c CMakeFiles/Lab11.dir/C_/pico/pico-sdk/lib/tinyusb/src/device/usbd.c.obj
                0x10005c90                usbd_edpt_stall
 .text.usbd_edpt_clear_stall
                0x10005cbc       0x2c CMakeFiles/Lab11.dir/C_/pico/pico-sdk/lib/tinyusb/src/device/usbd.c.obj
                0x10005cbc                usbd_edpt_clear_stall
 .text.usbd_edpt_stalled
                0x10005ce8       0x1c CMakeFiles/Lab11.dir/C_/pico/pico-sdk/lib/tinyusb/src/device/usbd.c.obj
                0x10005ce8                usbd_edpt_stalled
 .text.process_control_request
                0x10005d04      0x380 CMakeFiles/Lab11.dir/C_/pico/pico-sdk/lib/tinyusb/src/device/usbd.c.obj
 .text.tud_task
                0x10006084      0x204 CMakeFiles/Lab11.dir/C_/pico/pico-sdk/lib/tinyusb/src/device/usbd.c.obj
                0x10006084                tud_task
 .text._data_stage_xact
                0x10006288       0x58 CMakeFiles/Lab11.dir/C_/pico/pico-sdk/lib/tinyusb/src/device/usbd_control.c.obj
 .text.tud_control_status
                0x100062e0       0x38 CMakeFiles/Lab11.dir/C_/pico/pico-sdk/lib/tinyusb/src/device/usbd_control.c.obj
                0x100062e0                tud_control_status
 .text.tud_control_xfer
                0x10006318       0xa8 CMakeFiles/Lab11.dir/C_/pico/pico-sdk/lib/tinyusb/src/device/usbd_control.c.obj
                0x10006318                tud_control_xfer
 .text.usbd_control_reset
                0x100063c0       0x14 CMakeFiles/Lab11.dir/C_/pico/pico-sdk/lib/tinyusb/src/device/usbd_control.c.obj
                0x100063c0                usbd_control_reset
 .text.usbd_control_set_complete_callback
                0x100063d4        0xc CMakeFiles/Lab11.dir/C_/pico/pico-sdk/lib/tinyusb/src/device/usbd_control.c.obj
                0x100063d4                usbd_control_set_complete_callback
 .text.usbd_control_set_request
                0x100063e0       0x1c CMakeFiles/Lab11.dir/C_/pico/pico-sdk/lib/tinyusb/src/device/usbd_control.c.obj
                0x100063e0                usbd_control_set_request
 .text.usbd_control_xfer_cb
                0x100063fc       0xfc CMakeFiles/Lab11.dir/C_/pico/pico-sdk/lib/tinyusb/src/device/usbd_control.c.obj
                0x100063fc                usbd_control_xfer_cb
 .text._prep_out_transaction
                0x100064f8       0x46 CMakeFiles/Lab11.dir/C_/pico/pico-sdk/lib/tinyusb/src/class/cdc/cdc_device.c.obj
 *fill*         0x1000653e        0x2 
 .text.tud_cdc_n_connected
                0x10006540       0x44 CMakeFiles/Lab11.dir/C_/pico/pico-sdk/lib/tinyusb/src/class/cdc/cdc_device.c.obj
                0x10006540                tud_cdc_n_connected
 .text.tud_cdc_n_available
                0x10006584       0x18 CMakeFiles/Lab11.dir/C_/pico/pico-sdk/lib/tinyusb/src/class/cdc/cdc_device.c.obj
                0x10006584                tud_cdc_n_available
 .text.tud_cdc_n_read
                0x1000659c       0x28 CMakeFiles/Lab11.dir/C_/pico/pico-sdk/lib/tinyusb/src/class/cdc/cdc_device.c.obj
                0x1000659c                tud_cdc_n_read
 .text.tud_cdc_n_write_flush
                0x100065c4       0xcc CMakeFiles/Lab11.dir/C_/pico/pico-sdk/lib/tinyusb/src/class/cdc/cdc_device.c.obj
                0x100065c4                tud_cdc_n_write_flush
 .text.tud_cdc_n_write
                0x10006690       0x38 CMakeFiles/Lab11.dir/C_/pico/pico-sdk/lib/tinyusb/src/class/cdc/cdc_device.c.obj
                0x10006690                tud_cdc_n_write
 .text.tud_cdc_n_write_available
                0x100066c8       0x1c CMakeFiles/Lab11.dir/C_/pico/pico-sdk/lib/tinyusb/src/class/cdc/cdc_device.c.obj
                0x100066c8                tud_cdc_n_write_available
 .text.cdcd_init
                0x100066e4       0xbc CMakeFiles/Lab11.dir/C_/pico/pico-sdk/lib/tinyusb/src/class/cdc/cdc_device.c.obj
                0x100066e4                cdcd_init
 .text.cdcd_reset
                0x100067a0       0x44 CMakeFiles/Lab11.dir/C_/pico/pico-sdk/lib/tinyusb/src/class/cdc/cdc_device.c.obj
                0x100067a0                cdcd_reset
 .text.cdcd_open
                0x100067e4      0x10c CMakeFiles/Lab11.dir/C_/pico/pico-sdk/lib/tinyusb/src/class/cdc/cdc_device.c.obj
                0x100067e4                cdcd_open
 .text.cdcd_control_xfer_cb
                0x100068f0      0x134 CMakeFiles/Lab11.dir/C_/pico/pico-sdk/lib/tinyusb/src/class/cdc/cdc_device.c.obj
                0x100068f0                cdcd_control_xfer_cb
 .text.cdcd_xfer_cb
                0x10006a24      0x144 CMakeFiles/Lab11.dir/C_/pico/pico-sdk/lib/tinyusb/src/class/cdc/cdc_device.c.obj
                0x10006a24                cdcd_xfer_cb
 .text.tusb_init
                0x10006b68       0x24 CMakeFiles/Lab11.dir/C_/pico/pico-sdk/lib/tinyusb/src/tusb.c.obj
                0x10006b68                tusb_init
 .text.tusb_inited
                0x10006b8c        0xe CMakeFiles/Lab11.dir/C_/pico/pico-sdk/lib/tinyusb/src/tusb.c.obj
                0x10006b8c                tusb_inited
 .text.advance_pointer
                0x10006b9a       0x1e CMakeFiles/Lab11.dir/C_/pico/pico-sdk/lib/tinyusb/src/common/tusb_fifo.c.obj
 .text.backward_pointer
                0x10006bb8       0x1a CMakeFiles/Lab11.dir/C_/pico/pico-sdk/lib/tinyusb/src/common/tusb_fifo.c.obj
 .text.get_relative_pointer
                0x10006bd2       0x10 CMakeFiles/Lab11.dir/C_/pico/pico-sdk/lib/tinyusb/src/common/tusb_fifo.c.obj
 .text._tu_fifo_peek
                0x10006be2       0x50 CMakeFiles/Lab11.dir/C_/pico/pico-sdk/lib/tinyusb/src/common/tusb_fifo.c.obj
 .text._ff_pull_const_addr
                0x10006c32       0x4c CMakeFiles/Lab11.dir/C_/pico/pico-sdk/lib/tinyusb/src/common/tusb_fifo.c.obj
 .text._ff_pull_n
                0x10006c7e      0x10c CMakeFiles/Lab11.dir/C_/pico/pico-sdk/lib/tinyusb/src/common/tusb_fifo.c.obj
 .text._tu_fifo_peek_n
                0x10006d8a       0x5e CMakeFiles/Lab11.dir/C_/pico/pico-sdk/lib/tinyusb/src/common/tusb_fifo.c.obj
 .text._tu_fifo_read_n
                0x10006de8       0x4e CMakeFiles/Lab11.dir/C_/pico/pico-sdk/lib/tinyusb/src/common/tusb_fifo.c.obj
 .text._ff_push_const_addr
                0x10006e36       0x40 CMakeFiles/Lab11.dir/C_/pico/pico-sdk/lib/tinyusb/src/common/tusb_fifo.c.obj
 .text._ff_push_n
                0x10006e76      0x108 CMakeFiles/Lab11.dir/C_/pico/pico-sdk/lib/tinyusb/src/common/tusb_fifo.c.obj
 .text._tu_fifo_write_n
                0x10006f7e       0x9e CMakeFiles/Lab11.dir/C_/pico/pico-sdk/lib/tinyusb/src/common/tusb_fifo.c.obj
 .text.tu_fifo_config
                0x1000701c       0x72 CMakeFiles/Lab11.dir/C_/pico/pico-sdk/lib/tinyusb/src/common/tusb_fifo.c.obj
                0x1000701c                tu_fifo_config
 .text.tu_fifo_count
                0x1000708e       0x26 CMakeFiles/Lab11.dir/C_/pico/pico-sdk/lib/tinyusb/src/common/tusb_fifo.c.obj
                0x1000708e                tu_fifo_count
 .text.tu_fifo_empty
                0x100070b4       0x10 CMakeFiles/Lab11.dir/C_/pico/pico-sdk/lib/tinyusb/src/common/tusb_fifo.c.obj
                0x100070b4                tu_fifo_empty
 .text.tu_fifo_remaining
                0x100070c4       0x20 CMakeFiles/Lab11.dir/C_/pico/pico-sdk/lib/tinyusb/src/common/tusb_fifo.c.obj
                0x100070c4                tu_fifo_remaining
 .text.tu_fifo_read
                0x100070e4       0x42 CMakeFiles/Lab11.dir/C_/pico/pico-sdk/lib/tinyusb/src/common/tusb_fifo.c.obj
                0x100070e4                tu_fifo_read
 .text.tu_fifo_read_n
                0x10007126        0xa CMakeFiles/Lab11.dir/C_/pico/pico-sdk/lib/tinyusb/src/common/tusb_fifo.c.obj
                0x10007126                tu_fifo_read_n
 .text.tu_fifo_write
                0x10007130       0x6c CMakeFiles/Lab11.dir/C_/pico/pico-sdk/lib/tinyusb/src/common/tusb_fifo.c.obj
                0x10007130                tu_fifo_write
 .text.tu_fifo_write_n
                0x1000719c        0xa CMakeFiles/Lab11.dir/C_/pico/pico-sdk/lib/tinyusb/src/common/tusb_fifo.c.obj
                0x1000719c                tu_fifo_write_n
 .text.tu_fifo_clear
                0x100071a6       0x4c CMakeFiles/Lab11.dir/C_/pico/pico-sdk/lib/tinyusb/src/common/tusb_fifo.c.obj
                0x100071a6                tu_fifo_clear
 .text.tu_fifo_set_overwritable
                0x100071f2       0x3c CMakeFiles/Lab11.dir/C_/pico/pico-sdk/lib/tinyusb/src/common/tusb_fifo.c.obj
                0x100071f2                tu_fifo_set_overwritable
 *fill*         0x1000722e        0x2 
 .text._retrieve_unique_id_on_boot
                0x10007230       0x10 CMakeFiles/Lab11.dir/C_/pico/pico-sdk/src/rp2_common/pico_unique_id/unique_id.c.obj
 .text.pico_get_unique_board_id_string
                0x10007240       0x60 CMakeFiles/Lab11.dir/C_/pico/pico-sdk/src/rp2_common/pico_unique_id/unique_id.c.obj
                0x10007240                pico_get_unique_board_id_string
 .text.flash_get_unique_id
                0x100072a0       0x46 CMakeFiles/Lab11.dir/C_/pico/pico-sdk/src/rp2_common/hardware_flash/flash.c.obj
                0x100072a0                flash_get_unique_id
 *fill*         0x100072e6        0x2 
 .text.strlen   0x100072e8       0x5c c:/progra~2/gnuarm~1/102020~1/bin/../lib/gcc/arm-none-eabi/10.2.1/../../../../arm-none-eabi/lib/thumb/v6-m/nofp\libg.a(lib_a-strlen-stub.o)
                0x100072e8                strlen
 *(.fini)
 .fini          0x10007344        0x4 c:/progra~2/gnuarm~1/102020~1/bin/../lib/gcc/arm-none-eabi/10.2.1/thumb/v6-m/nofp/crti.o
                0x10007344                _fini
 .fini.__stub   0x10007348       0x70 linker stubs
 *crtbegin.o(.ctors)
 *crtbegin?.o(.ctors)
 *(EXCLUDE_FILE(*crtend.o *crtend?.o) .ctors)
 *(SORT_BY_NAME(.ctors.*))
 *(.ctors)
 *crtbegin.o(.dtors)
 *crtbegin?.o(.dtors)
 *(EXCLUDE_FILE(*crtend.o *crtend?.o) .dtors)
 *(SORT_BY_NAME(.dtors.*))
 *(.dtors)
 *(.eh_frame*)
 .eh_frame      0x100073b8        0x0 c:/progra~2/gnuarm~1/102020~1/bin/../lib/gcc/arm-none-eabi/10.2.1/thumb/v6-m/nofp/crtbegin.o
                0x100073b8                . = ALIGN (0x4)

.glue_7         0x100073b8        0x0
 .glue_7        0x100073b8        0x0 linker stubs

.glue_7t        0x100073b8        0x0
 .glue_7t       0x100073b8        0x0 linker stubs

.vfp11_veneer   0x100073b8        0x0
 .vfp11_veneer  0x100073b8        0x0 linker stubs

.v4_bx          0x100073b8        0x0
 .v4_bx         0x100073b8        0x0 linker stubs

.iplt           0x100073b8        0x0
 .iplt          0x100073b8        0x0 c:/progra~2/gnuarm~1/102020~1/bin/../lib/gcc/arm-none-eabi/10.2.1/thumb/v6-m/nofp/crtbegin.o

.rodata         0x100073b8     0x1640
 *(EXCLUDE_FILE(*libm.a: *libc.a:*lib_a-mem*.o *libgcc.a:) .rodata*)
 .rodata.main.str1.4
                0x100073b8       0xbb CMakeFiles/Lab11.dir/main.c.obj
 *fill*         0x10007473        0x1 
 .rodata.__func__.0
                0x10007474       0x15 CMakeFiles/Lab11.dir/main.c.obj
 *fill*         0x10007489        0x3 
 .rodata.spin_lock_claim_unused.str1.4
                0x1000748c       0x1b CMakeFiles/Lab11.dir/C_/pico/pico-sdk/src/rp2_common/hardware_sync/sync.c.obj
 *fill*         0x100074a7        0x1 
 .rodata.repeating_timer_callback.str1.4
                0x100074a8       0x41 CMakeFiles/Lab11.dir/C_/pico/pico-sdk/src/common/pico_time/time.c.obj
 *fill*         0x100074e9        0x3 
 .rodata.alarm_pool_dump_key.str1.4
                0x100074ec       0x33 CMakeFiles/Lab11.dir/C_/pico/pico-sdk/src/common/pico_time/time.c.obj
 *fill*         0x1000751f        0x1 
 .rodata.ph_add_child_node.str1.4
                0x10007520       0x8a CMakeFiles/Lab11.dir/C_/pico/pico-sdk/src/common/pico_time/time.c.obj
 *fill*         0x100075aa        0x2 
 .rodata.add_alarm_under_lock.str1.4
                0x100075ac       0x28 CMakeFiles/Lab11.dir/C_/pico/pico-sdk/src/common/pico_time/time.c.obj
                                 0x2b (size before relaxing)
 .rodata.alarm_pool_alarm_callback.str1.4
                0x100075d4       0x82 CMakeFiles/Lab11.dir/C_/pico/pico-sdk/src/common/pico_time/time.c.obj
                                 0xda (size before relaxing)
 *fill*         0x10007656        0x2 
 .rodata.alarm_pool_get_default.str1.4
                0x10007658       0x21 CMakeFiles/Lab11.dir/C_/pico/pico-sdk/src/common/pico_time/time.c.obj
 *fill*         0x10007679        0x3 
 .rodata.alarm_pool_cancel_alarm.str1.4
                0x1000767c       0x27 CMakeFiles/Lab11.dir/C_/pico/pico-sdk/src/common/pico_time/time.c.obj
 *fill*         0x100076a3        0x1 
 .rodata.sleep_until.str1.4
                0x100076a4       0x4d CMakeFiles/Lab11.dir/C_/pico/pico-sdk/src/common/pico_time/time.c.obj
 *fill*         0x100076f1        0x3 
 .rodata.__func__.1
                0x100076f4       0x18 CMakeFiles/Lab11.dir/C_/pico/pico-sdk/src/common/pico_time/time.c.obj
 .rodata.__func__.10
                0x1000770c       0x15 CMakeFiles/Lab11.dir/C_/pico/pico-sdk/src/common/pico_time/time.c.obj
 *fill*         0x10007721        0x3 
 .rodata.__func__.11
                0x10007724       0x1a CMakeFiles/Lab11.dir/C_/pico/pico-sdk/src/common/pico_time/time.c.obj
 *fill*         0x1000773e        0x2 
 .rodata.__func__.12
                0x10007740        0xa CMakeFiles/Lab11.dir/C_/pico/pico-sdk/src/common/pico_time/time.c.obj
 *fill*         0x1000774a        0x2 
 .rodata.__func__.3
                0x1000774c       0x17 CMakeFiles/Lab11.dir/C_/pico/pico-sdk/src/common/pico_time/time.c.obj
 *fill*         0x10007763        0x1 
 .rodata.__func__.4
                0x10007764       0x12 CMakeFiles/Lab11.dir/C_/pico/pico-sdk/src/common/pico_time/time.c.obj
 *fill*         0x10007776        0x2 
 .rodata.__func__.5
                0x10007778        0xd CMakeFiles/Lab11.dir/C_/pico/pico-sdk/src/common/pico_time/time.c.obj
 *fill*         0x10007785        0x3 
 .rodata.__func__.6
                0x10007788       0x12 CMakeFiles/Lab11.dir/C_/pico/pico-sdk/src/common/pico_time/time.c.obj
 *fill*         0x1000779a        0x2 
 .rodata.__func__.7
                0x1000779c        0xf CMakeFiles/Lab11.dir/C_/pico/pico-sdk/src/common/pico_time/time.c.obj
 *fill*         0x100077ab        0x1 
 .rodata.__func__.8
                0x100077ac        0xc CMakeFiles/Lab11.dir/C_/pico/pico-sdk/src/common/pico_time/time.c.obj
 .rodata.__func__.9
                0x100077b8       0x15 CMakeFiles/Lab11.dir/C_/pico/pico-sdk/src/common/pico_time/time.c.obj
 *fill*         0x100077cd        0x3 
 .rodata.hardware_alarm_claim.str1.4
                0x100077d0       0x22 CMakeFiles/Lab11.dir/C_/pico/pico-sdk/src/rp2_common/hardware_timer/timer.c.obj
 *fill*         0x100077f2        0x2 
 .rodata.hardware_alarm_set_target.str1.4
                0x100077f4       0x5b CMakeFiles/Lab11.dir/C_/pico/pico-sdk/src/rp2_common/hardware_timer/timer.c.obj
 *fill*         0x1000784f        0x1 
 .rodata.__func__.0
                0x10007850       0x1a CMakeFiles/Lab11.dir/C_/pico/pico-sdk/src/rp2_common/hardware_timer/timer.c.obj
 *fill*         0x1000786a        0x2 
 .rodata.str1.4
                0x1000786c       0xa9 CMakeFiles/Lab11.dir/C_/pico/pico-sdk/src/common/pico_sync/mutex.c.obj
                                0x101 (size before relaxing)
 *fill*         0x10007915        0x3 
 .rodata.__func__.0
                0x10007918        0xb CMakeFiles/Lab11.dir/C_/pico/pico-sdk/src/common/pico_sync/mutex.c.obj
 *fill*         0x10007923        0x1 
 .rodata.__func__.1
                0x10007924       0x18 CMakeFiles/Lab11.dir/C_/pico/pico-sdk/src/common/pico_sync/mutex.c.obj
 .rodata.__func__.2
                0x1000793c       0x15 CMakeFiles/Lab11.dir/C_/pico/pico-sdk/src/common/pico_sync/mutex.c.obj
 *fill*         0x10007951        0x3 
 .rodata.__func__.3
                0x10007954       0x15 CMakeFiles/Lab11.dir/C_/pico/pico-sdk/src/common/pico_sync/mutex.c.obj
 .rodata.ph_add_child_node.str1.4
                0x10007969       0x8a CMakeFiles/Lab11.dir/C_/pico/pico-sdk/src/common/pico_util/pheap.c.obj
 *fill*         0x10007969        0x3 
 .rodata.ph_remove_any_head.str1.4
                0x1000796c       0x84 CMakeFiles/Lab11.dir/C_/pico/pico-sdk/src/common/pico_util/pheap.c.obj
 .rodata.ph_remove_and_free_node.str1.4
                0x100079f0       0x26 CMakeFiles/Lab11.dir/C_/pico/pico-sdk/src/common/pico_util/pheap.c.obj
 *fill*         0x10007a16        0x2 
 .rodata.__func__.0
                0x10007a18       0x18 CMakeFiles/Lab11.dir/C_/pico/pico-sdk/src/common/pico_util/pheap.c.obj
 .rodata.__func__.1
                0x10007a30       0x13 CMakeFiles/Lab11.dir/C_/pico/pico-sdk/src/common/pico_util/pheap.c.obj
 *fill*         0x10007a43        0x1 
 .rodata.__func__.2
                0x10007a44       0x12 CMakeFiles/Lab11.dir/C_/pico/pico-sdk/src/common/pico_util/pheap.c.obj
 *fill*         0x10007a56        0x2 
 .rodata.__func__.3
                0x10007a58        0xc CMakeFiles/Lab11.dir/C_/pico/pico-sdk/src/common/pico_util/pheap.c.obj
 .rodata.__assert_func.str1.4
                0x10007a64       0x3f CMakeFiles/Lab11.dir/C_/pico/pico-sdk/src/rp2_common/pico_runtime/runtime.c.obj
                                 0x43 (size before relaxing)
 *fill*         0x10007aa3        0x1 
 .rodata.panic.str1.4
                0x10007aa4       0x12 CMakeFiles/Lab11.dir/C_/pico/pico-sdk/src/rp2_common/pico_runtime/runtime.c.obj
 *fill*         0x10007ab6        0x2 
 .rodata.clock_configure.str1.4
                0x10007ab8       0x4d CMakeFiles/Lab11.dir/C_/pico/pico-sdk/src/rp2_common/hardware_clocks/clocks.c.obj
 *fill*         0x10007b05        0x3 
 .rodata.__func__.1
                0x10007b08       0x10 CMakeFiles/Lab11.dir/C_/pico/pico-sdk/src/rp2_common/hardware_clocks/clocks.c.obj
 .rodata.make_branch.str1.4
                0x10007b18       0x43 CMakeFiles/Lab11.dir/C_/pico/pico-sdk/src/rp2_common/hardware_irq/irq.c.obj
 *fill*         0x10007b5b        0x1 
 .rodata.irq_set_exclusive_handler.str1.4
                0x10007b5c       0x36 CMakeFiles/Lab11.dir/C_/pico/pico-sdk/src/rp2_common/hardware_irq/irq.c.obj
 *fill*         0x10007b92        0x2 
 .rodata.irq_add_shared_handler.str1.4
                0x10007b94       0xd9 CMakeFiles/Lab11.dir/C_/pico/pico-sdk/src/rp2_common/hardware_irq/irq.c.obj
 *fill*         0x10007c6d        0x3 
 .rodata.irq_remove_handler.str1.4
                0x10007c70       0x2a CMakeFiles/Lab11.dir/C_/pico/pico-sdk/src/rp2_common/hardware_irq/irq.c.obj
 *fill*         0x10007c9a        0x2 
 .rodata.irq_add_tail_to_free_list.str1.4
                0x10007c9c       0x32 CMakeFiles/Lab11.dir/C_/pico/pico-sdk/src/rp2_common/hardware_irq/irq.c.obj
                                 0x3a (size before relaxing)
 *fill*         0x10007cce        0x2 
 .rodata.__func__.0
                0x10007cd0       0x1a CMakeFiles/Lab11.dir/C_/pico/pico-sdk/src/rp2_common/hardware_irq/irq.c.obj
 *fill*         0x10007cea        0x2 
 .rodata.__func__.1
                0x10007cec       0x17 CMakeFiles/Lab11.dir/C_/pico/pico-sdk/src/rp2_common/hardware_irq/irq.c.obj
 *fill*         0x10007d03        0x1 
 .rodata.__func__.2
                0x10007d04       0x13 CMakeFiles/Lab11.dir/C_/pico/pico-sdk/src/rp2_common/hardware_irq/irq.c.obj
 *fill*         0x10007d17        0x1 
 .rodata.__func__.3
                0x10007d18        0xc CMakeFiles/Lab11.dir/C_/pico/pico-sdk/src/rp2_common/hardware_irq/irq.c.obj
 .rodata.__func__.4
                0x10007d24        0xf CMakeFiles/Lab11.dir/C_/pico/pico-sdk/src/rp2_common/hardware_irq/irq.c.obj
 *fill*         0x10007d33        0x1 
 .rodata.__func__.6
                0x10007d34       0x1a CMakeFiles/Lab11.dir/C_/pico/pico-sdk/src/rp2_common/hardware_irq/irq.c.obj
 *fill*         0x10007d4e        0x2 
 .rodata.pll_init.str1.4
                0x10007d50       0xcf CMakeFiles/Lab11.dir/C_/pico/pico-sdk/src/rp2_common/hardware_pll/pll.c.obj
 *fill*         0x10007e1f        0x1 
 .rodata.__func__.0
                0x10007e20        0x9 CMakeFiles/Lab11.dir/C_/pico/pico-sdk/src/rp2_common/hardware_pll/pll.c.obj
 *fill*         0x10007e29        0x3 
 .rodata._ftoa.str1.4
                0x10007e2c       0x15 CMakeFiles/Lab11.dir/C_/pico/pico-sdk/src/rp2_common/pico_printf/printf.c.obj
 *fill*         0x10007e41        0x3 
 .rodata._vsnprintf
                0x10007e44      0x1e0 CMakeFiles/Lab11.dir/C_/pico/pico-sdk/src/rp2_common/pico_printf/printf.c.obj
 *fill*         0x10008024        0x4 
 .rodata.pow10.0
                0x10008028       0x50 CMakeFiles/Lab11.dir/C_/pico/pico-sdk/src/rp2_common/pico_printf/printf.c.obj
 .rodata.__aeabi_double_init.str1.4
                0x10008078       0x9e CMakeFiles/Lab11.dir/C_/pico/pico-sdk/src/rp2_common/pico_double/double_init_rom.c.obj
 *fill*         0x10008116        0x2 
 .rodata.__func__.0
                0x10008118       0x14 CMakeFiles/Lab11.dir/C_/pico/pico-sdk/src/rp2_common/pico_double/double_init_rom.c.obj
 .rodata.__aeabi_float_init.str1.4
                0x1000812c       0x70 CMakeFiles/Lab11.dir/C_/pico/pico-sdk/src/rp2_common/pico_float/float_init_rom.c.obj
                                 0x74 (size before relaxing)
 .rodata.__func__.0
                0x1000819c       0x13 CMakeFiles/Lab11.dir/C_/pico/pico-sdk/src/rp2_common/pico_float/float_init_rom.c.obj
 *fill*         0x100081af        0x1 
 .rodata.str1.4
                0x100081b0       0x3c CMakeFiles/Lab11.dir/C_/pico/pico-sdk/src/rp2_common/pico_standard_link/binary_info.c.obj
 .rodata.__bi_44
                0x100081ec        0xc CMakeFiles/Lab11.dir/C_/pico/pico-sdk/src/rp2_common/pico_standard_link/binary_info.c.obj
 .rodata.__bi_75
                0x100081f8        0xc CMakeFiles/Lab11.dir/C_/pico/pico-sdk/src/rp2_common/pico_standard_link/binary_info.c.obj
 .rodata.__bi_81
                0x10008204        0xc CMakeFiles/Lab11.dir/C_/pico/pico-sdk/src/rp2_common/pico_standard_link/binary_info.c.obj
 .rodata.crlf_str.3
                0x10008210        0x2 CMakeFiles/Lab11.dir/C_/pico/pico-sdk/src/rp2_common/pico_stdio/stdio.c.obj
 *fill*         0x10008212        0x2 
 .rodata.str1.4
                0x10008214       0x2c CMakeFiles/Lab11.dir/C_/pico/pico-sdk/src/rp2_common/pico_stdio_uart/stdio_uart.c.obj
 .rodata.__bi_28.4
                0x10008240        0xc CMakeFiles/Lab11.dir/C_/pico/pico-sdk/src/rp2_common/pico_stdio_uart/stdio_uart.c.obj
 .rodata.__bi_29.5
                0x1000824c        0x8 CMakeFiles/Lab11.dir/C_/pico/pico-sdk/src/rp2_common/pico_stdio_uart/stdio_uart.c.obj
 .rodata._resetd_driver
                0x10008254       0x18 CMakeFiles/Lab11.dir/C_/pico/pico-sdk/src/rp2_common/pico_stdio_usb/reset_interface.c.obj
 .rodata.stdio_usb_init.str1.4
                0x1000826c       0x57 CMakeFiles/Lab11.dir/C_/pico/pico-sdk/src/rp2_common/pico_stdio_usb/stdio_usb.c.obj
 .rodata.str1.4
                0x1000826c       0x13 CMakeFiles/Lab11.dir/C_/pico/pico-sdk/src/rp2_common/pico_stdio_usb/stdio_usb.c.obj
 *fill*         0x1000827f        0x1 
 .rodata.__bi_93.1
                0x10008280        0xc CMakeFiles/Lab11.dir/C_/pico/pico-sdk/src/rp2_common/pico_stdio_usb/stdio_usb.c.obj
 .rodata.__func__.0
                0x1000828c       0x15 CMakeFiles/Lab11.dir/C_/pico/pico-sdk/src/rp2_common/pico_stdio_usb/stdio_usb.c.obj
 *fill*         0x100082a1        0x3 
 .rodata.str1.4
                0x100082a4       0x2a CMakeFiles/Lab11.dir/C_/pico/pico-sdk/src/rp2_common/pico_stdio_usb/stdio_usb_descriptors.c.obj
 *fill*         0x100082ce        0x2 
 .rodata.usbd_desc_cfg
                0x100082d0       0x54 CMakeFiles/Lab11.dir/C_/pico/pico-sdk/src/rp2_common/pico_stdio_usb/stdio_usb_descriptors.c.obj
 .rodata.usbd_desc_device
                0x10008324       0x12 CMakeFiles/Lab11.dir/C_/pico/pico-sdk/src/rp2_common/pico_stdio_usb/stdio_usb_descriptors.c.obj
 *fill*         0x10008336        0x2 
 .rodata.usbd_desc_str
                0x10008338       0x18 CMakeFiles/Lab11.dir/C_/pico/pico-sdk/src/rp2_common/pico_stdio_usb/stdio_usb_descriptors.c.obj
 .rodata._hw_endpoint_alloc.str1.4
                0x10008350       0xad CMakeFiles/Lab11.dir/C_/pico/pico-sdk/lib/tinyusb/src/portable/raspberrypi/rp2040/dcd_rp2040.c.obj
 *fill*         0x100083fd        0x3 
 .rodata._hw_endpoint_init.str1.4
                0x10008400       0x28 CMakeFiles/Lab11.dir/C_/pico/pico-sdk/lib/tinyusb/src/portable/raspberrypi/rp2040/dcd_rp2040.c.obj
 .rodata.hw_handle_buff_status.str1.4
                0x10008428        0xb CMakeFiles/Lab11.dir/C_/pico/pico-sdk/lib/tinyusb/src/portable/raspberrypi/rp2040/dcd_rp2040.c.obj
 *fill*         0x10008433        0x1 
 .rodata.dcd_rp2040_irq.str1.4
                0x10008434       0x14 CMakeFiles/Lab11.dir/C_/pico/pico-sdk/lib/tinyusb/src/portable/raspberrypi/rp2040/dcd_rp2040.c.obj
 .rodata._hw_endpoint_stall.str1.4
                0x10008448        0xd CMakeFiles/Lab11.dir/C_/pico/pico-sdk/lib/tinyusb/src/portable/raspberrypi/rp2040/dcd_rp2040.c.obj
 *fill*         0x10008455        0x3 
 .rodata.dcd_int_enable.str1.4
                0x10008458        0xc CMakeFiles/Lab11.dir/C_/pico/pico-sdk/lib/tinyusb/src/portable/raspberrypi/rp2040/dcd_rp2040.c.obj
 .rodata.__func__.0
                0x10008464       0x15 CMakeFiles/Lab11.dir/C_/pico/pico-sdk/lib/tinyusb/src/portable/raspberrypi/rp2040/dcd_rp2040.c.obj
 *fill*         0x10008479        0x3 
 .rodata.__func__.1
                0x1000847c       0x13 CMakeFiles/Lab11.dir/C_/pico/pico-sdk/lib/tinyusb/src/portable/raspberrypi/rp2040/dcd_rp2040.c.obj
 *fill*         0x1000848f        0x1 
 .rodata.__func__.11
                0x10008490        0xf CMakeFiles/Lab11.dir/C_/pico/pico-sdk/lib/tinyusb/src/portable/raspberrypi/rp2040/dcd_rp2040.c.obj
 *fill*         0x1000849f        0x1 
 .rodata.__func__.12
                0x100084a0       0x13 CMakeFiles/Lab11.dir/C_/pico/pico-sdk/lib/tinyusb/src/portable/raspberrypi/rp2040/dcd_rp2040.c.obj
 *fill*         0x100084b3        0x1 
 .rodata.__func__.13
                0x100084b4       0x16 CMakeFiles/Lab11.dir/C_/pico/pico-sdk/lib/tinyusb/src/portable/raspberrypi/rp2040/dcd_rp2040.c.obj
 *fill*         0x100084ca        0x2 
 .rodata.__func__.14
                0x100084cc        0x9 CMakeFiles/Lab11.dir/C_/pico/pico-sdk/lib/tinyusb/src/portable/raspberrypi/rp2040/dcd_rp2040.c.obj
 *fill*         0x100084d5        0x3 
 .rodata.__func__.2
                0x100084d8        0xf CMakeFiles/Lab11.dir/C_/pico/pico-sdk/lib/tinyusb/src/portable/raspberrypi/rp2040/dcd_rp2040.c.obj
 *fill*         0x100084e7        0x1 
 .rodata.__func__.3
                0x100084e8        0xe CMakeFiles/Lab11.dir/C_/pico/pico-sdk/lib/tinyusb/src/portable/raspberrypi/rp2040/dcd_rp2040.c.obj
 *fill*         0x100084f6        0x2 
 .rodata.__func__.4
                0x100084f8        0xe CMakeFiles/Lab11.dir/C_/pico/pico-sdk/lib/tinyusb/src/portable/raspberrypi/rp2040/dcd_rp2040.c.obj
 *fill*         0x10008506        0x2 
 .rodata.__func__.5
                0x10008508       0x1a CMakeFiles/Lab11.dir/C_/pico/pico-sdk/lib/tinyusb/src/portable/raspberrypi/rp2040/dcd_rp2040.c.obj
 *fill*         0x10008522        0x2 
 .rodata.__func__.6
                0x10008524        0xc CMakeFiles/Lab11.dir/C_/pico/pico-sdk/lib/tinyusb/src/portable/raspberrypi/rp2040/dcd_rp2040.c.obj
 .rodata.__func__.9
                0x10008530       0x10 CMakeFiles/Lab11.dir/C_/pico/pico-sdk/lib/tinyusb/src/portable/raspberrypi/rp2040/dcd_rp2040.c.obj
 .rodata._hw_endpoint_buffer_control_update32.str1.4
                0x10008540       0x1f CMakeFiles/Lab11.dir/C_/pico/pico-sdk/lib/tinyusb/src/portable/raspberrypi/rp2040/rp2040_usb.c.obj
 *fill*         0x1000855f        0x1 
 .rodata._hw_endpoint_xfer_sync.str1.4
                0x10008560       0x89 CMakeFiles/Lab11.dir/C_/pico/pico-sdk/lib/tinyusb/src/portable/raspberrypi/rp2040/rp2040_usb.c.obj
 *fill*         0x100085e9        0x3 
 .rodata._hw_endpoint_xfer_continue.str1.4
                0x100085ec       0x50 CMakeFiles/Lab11.dir/C_/pico/pico-sdk/lib/tinyusb/src/portable/raspberrypi/rp2040/rp2040_usb.c.obj
 .rodata._hw_endpoint_xfer.str1.4
                0x1000863c        0xf CMakeFiles/Lab11.dir/C_/pico/pico-sdk/lib/tinyusb/src/portable/raspberrypi/rp2040/rp2040_usb.c.obj
 .rodata.str1.4
                0x1000864b        0xf CMakeFiles/Lab11.dir/C_/pico/pico-sdk/lib/tinyusb/src/portable/raspberrypi/rp2040/rp2040_usb.c.obj
                                  0x7 (size before relaxing)
 *fill*         0x1000864b        0x1 
 .rodata.__func__.0
                0x1000864c       0x12 CMakeFiles/Lab11.dir/C_/pico/pico-sdk/lib/tinyusb/src/portable/raspberrypi/rp2040/rp2040_usb.c.obj
 *fill*         0x1000865e        0x2 
 .rodata.__func__.1
                0x10008660       0x17 CMakeFiles/Lab11.dir/C_/pico/pico-sdk/lib/tinyusb/src/portable/raspberrypi/rp2040/rp2040_usb.c.obj
 *fill*         0x10008677        0x1 
 .rodata.process_set_config.str1.4
                0x10008678       0x17 CMakeFiles/Lab11.dir/C_/pico/pico-sdk/lib/tinyusb/src/device/usbd.c.obj
 *fill*         0x1000868f        0x1 
 .rodata.process_get_descriptor
                0x10008690       0x40 CMakeFiles/Lab11.dir/C_/pico/pico-sdk/lib/tinyusb/src/device/usbd.c.obj
 .rodata.process_control_request
                0x100086d0       0x28 CMakeFiles/Lab11.dir/C_/pico/pico-sdk/lib/tinyusb/src/device/usbd.c.obj
 .rodata.tud_task
                0x100086f8       0x24 CMakeFiles/Lab11.dir/C_/pico/pico-sdk/lib/tinyusb/src/device/usbd.c.obj
 .rodata.__func__.2
                0x1000871c        0xf CMakeFiles/Lab11.dir/C_/pico/pico-sdk/lib/tinyusb/src/device/usbd.c.obj
 *fill*         0x1000872b        0x1 
 .rodata.__func__.3
                0x1000872c        0xf CMakeFiles/Lab11.dir/C_/pico/pico-sdk/lib/tinyusb/src/device/usbd.c.obj
 *fill*         0x1000873b        0x1 
 .rodata.__func__.4
                0x1000873c       0x14 CMakeFiles/Lab11.dir/C_/pico/pico-sdk/lib/tinyusb/src/device/usbd.c.obj
 .rodata.__func__.5
                0x10008750       0x10 CMakeFiles/Lab11.dir/C_/pico/pico-sdk/lib/tinyusb/src/device/usbd.c.obj
 .rodata.__func__.6
                0x10008760       0x17 CMakeFiles/Lab11.dir/C_/pico/pico-sdk/lib/tinyusb/src/device/usbd.c.obj
 *fill*         0x10008777        0x1 
 .rodata.__func__.7
                0x10008778       0x13 CMakeFiles/Lab11.dir/C_/pico/pico-sdk/lib/tinyusb/src/device/usbd.c.obj
 *fill*         0x1000878b        0x1 
 .rodata.__func__.8
                0x1000878c       0x18 CMakeFiles/Lab11.dir/C_/pico/pico-sdk/lib/tinyusb/src/device/usbd.c.obj
 .rodata.__func__.9
                0x100087a4        0x9 CMakeFiles/Lab11.dir/C_/pico/pico-sdk/lib/tinyusb/src/device/usbd.c.obj
 *fill*         0x100087ad        0x3 
 .rodata._usbd_driver
                0x100087b0       0x18 CMakeFiles/Lab11.dir/C_/pico/pico-sdk/lib/tinyusb/src/device/usbd.c.obj
 .rodata.tud_control_xfer.str1.4
                0x100087c8       0x17 CMakeFiles/Lab11.dir/C_/pico/pico-sdk/lib/tinyusb/src/device/usbd_control.c.obj
 .rodata.__func__.0
                0x100087c8       0x15 CMakeFiles/Lab11.dir/C_/pico/pico-sdk/lib/tinyusb/src/device/usbd_control.c.obj
 *fill*         0x100087dd        0x3 
 .rodata.__func__.1
                0x100087e0       0x11 CMakeFiles/Lab11.dir/C_/pico/pico-sdk/lib/tinyusb/src/device/usbd_control.c.obj
 .rodata.tud_cdc_n_write_flush.str1.4
                0x100087f1       0x17 CMakeFiles/Lab11.dir/C_/pico/pico-sdk/lib/tinyusb/src/class/cdc/cdc_device.c.obj
 *fill*         0x100087f1        0x3 
 .rodata.__func__.0
                0x100087f4        0xd CMakeFiles/Lab11.dir/C_/pico/pico-sdk/lib/tinyusb/src/class/cdc/cdc_device.c.obj
 *fill*         0x10008801        0x3 
 .rodata.__func__.1
                0x10008804        0xa CMakeFiles/Lab11.dir/C_/pico/pico-sdk/lib/tinyusb/src/class/cdc/cdc_device.c.obj
 *fill*         0x1000880e        0x2 
 .rodata.__func__.2
                0x10008810       0x16 CMakeFiles/Lab11.dir/C_/pico/pico-sdk/lib/tinyusb/src/class/cdc/cdc_device.c.obj
 .rodata.tusb_init.str1.4
                0x10008826       0x17 CMakeFiles/Lab11.dir/C_/pico/pico-sdk/lib/tinyusb/src/tusb.c.obj
 *fill*         0x10008826        0x2 
 .rodata.__func__.0
                0x10008828        0xa CMakeFiles/Lab11.dir/C_/pico/pico-sdk/lib/tinyusb/src/tusb.c.obj
 *fill*         0x10008832        0x2 
 .rodata.pico_get_unique_board_id_string.str1.4
                0x10008834       0x43 CMakeFiles/Lab11.dir/C_/pico/pico-sdk/src/rp2_common/pico_unique_id/unique_id.c.obj
 *fill*         0x10008877        0x1 
 .rodata.__func__.0
                0x10008878       0x20 CMakeFiles/Lab11.dir/C_/pico/pico-sdk/src/rp2_common/pico_unique_id/unique_id.c.obj
 .rodata.str1.4
                0x10008898      0x14e CMakeFiles/Lab11.dir/C_/pico/pico-sdk/src/rp2_common/hardware_flash/flash.c.obj
 *fill*         0x100089e6        0x2 
 .rodata.__func__.0
                0x100089e8        0xd CMakeFiles/Lab11.dir/C_/pico/pico-sdk/src/rp2_common/hardware_flash/flash.c.obj
                0x100089f8                . = ALIGN (0x4)
 *fill*         0x100089f5        0x3 
 *(SORT_BY_ALIGNMENT(SORT_BY_NAME(.flashdata*)))
                0x100089f8                . = ALIGN (0x4)

.rel.dyn        0x100089f8        0x0
 .rel.iplt      0x100089f8        0x0 c:/progra~2/gnuarm~1/102020~1/bin/../lib/gcc/arm-none-eabi/10.2.1/thumb/v6-m/nofp/crtbegin.o

.ARM.extab
 *(.ARM.extab* .gnu.linkonce.armextab.*)
                0x100089f8                __exidx_start = .

.ARM.exidx
 *(.ARM.exidx* .gnu.linkonce.armexidx.*)
                0x100089f8                __exidx_end = .
                0x100089f8                . = ALIGN (0x4)
                0x100089f8                __binary_info_start = .

.binary_info    0x100089f8       0x28
 *(.binary_info.keep.*)
 .binary_info.keep.__bi_ptr22
                0x100089f8        0x4 CMakeFiles/Lab11.dir/C_/pico/pico-sdk/src/rp2_common/pico_standard_link/binary_info.c.obj
 .binary_info.keep.__bi_ptr30
                0x100089fc        0x4 CMakeFiles/Lab11.dir/C_/pico/pico-sdk/src/rp2_common/pico_standard_link/binary_info.c.obj
 .binary_info.keep.__bi_ptr38
                0x10008a00        0x4 CMakeFiles/Lab11.dir/C_/pico/pico-sdk/src/rp2_common/pico_standard_link/binary_info.c.obj
 .binary_info.keep.__bi_ptr44
                0x10008a04        0x4 CMakeFiles/Lab11.dir/C_/pico/pico-sdk/src/rp2_common/pico_standard_link/binary_info.c.obj
 .binary_info.keep.__bi_ptr50
                0x10008a08        0x4 CMakeFiles/Lab11.dir/C_/pico/pico-sdk/src/rp2_common/pico_standard_link/binary_info.c.obj
 .binary_info.keep.__bi_ptr75
                0x10008a0c        0x4 CMakeFiles/Lab11.dir/C_/pico/pico-sdk/src/rp2_common/pico_standard_link/binary_info.c.obj
 .binary_info.keep.__bi_ptr81
                0x10008a10        0x4 CMakeFiles/Lab11.dir/C_/pico/pico-sdk/src/rp2_common/pico_standard_link/binary_info.c.obj
 *(.binary_info.*)
 .binary_info.__bi_ptr28
                0x10008a14        0x4 CMakeFiles/Lab11.dir/C_/pico/pico-sdk/src/rp2_common/pico_stdio_uart/stdio_uart.c.obj
 .binary_info.__bi_ptr29
                0x10008a18        0x4 CMakeFiles/Lab11.dir/C_/pico/pico-sdk/src/rp2_common/pico_stdio_uart/stdio_uart.c.obj
 .binary_info.__bi_ptr93
                0x10008a1c        0x4 CMakeFiles/Lab11.dir/C_/pico/pico-sdk/src/rp2_common/pico_stdio_usb/stdio_usb.c.obj
                0x10008a20                __binary_info_end = .
                0x10008a20                . = ALIGN (0x4)
                0x10008a20                __etext = .

.ram_vector_table
                0x20000000       0xc0
 *(.ram_vector_table)
 .ram_vector_table
                0x20000000       0xc0 CMakeFiles/Lab11.dir/C_/pico/pico-sdk/src/rp2_common/pico_runtime/runtime.c.obj
                0x20000000                ram_vector_table

.data           0x200000c0      0x714 load address 0x10008a20
                0x200000c0                __data_start__ = .
 *(vtable)
 *(.time_critical*)
 .time_critical.mutex_enter_blocking
                0x200000c0       0x94 CMakeFiles/Lab11.dir/C_/pico/pico-sdk/src/common/pico_sync/mutex.c.obj
                0x200000c0                mutex_enter_blocking
 .time_critical.mutex_try_enter
                0x20000154       0x5a CMakeFiles/Lab11.dir/C_/pico/pico-sdk/src/common/pico_sync/mutex.c.obj
                0x20000154                mutex_try_enter
 *fill*         0x200001ae        0x2 
 .time_critical.mutex_enter_block_until
                0x200001b0       0x8c CMakeFiles/Lab11.dir/C_/pico/pico-sdk/src/common/pico_sync/mutex.c.obj
                0x200001b0                mutex_enter_block_until
 .time_critical.mutex_enter_timeout_ms
                0x2000023c       0x74 CMakeFiles/Lab11.dir/C_/pico/pico-sdk/src/common/pico_sync/mutex.c.obj
                0x2000023c                mutex_enter_timeout_ms
 .time_critical.mutex_exit
                0x200002b0       0x94 CMakeFiles/Lab11.dir/C_/pico/pico-sdk/src/common/pico_sync/mutex.c.obj
                0x200002b0                mutex_exit
 .time_critical.flash_init_boot2_copyout
                0x20000344       0x30 CMakeFiles/Lab11.dir/C_/pico/pico-sdk/src/rp2_common/hardware_flash/flash.c.obj
 .time_critical.flash_enable_xip_via_boot2
                0x20000374       0x10 CMakeFiles/Lab11.dir/C_/pico/pico-sdk/src/rp2_common/hardware_flash/flash.c.obj
 .time_critical.flash_cs_force
                0x20000384       0x28 CMakeFiles/Lab11.dir/C_/pico/pico-sdk/src/rp2_common/hardware_flash/flash.c.obj
 .time_critical.flash_do_cmd
                0x200003ac       0xc0 CMakeFiles/Lab11.dir/C_/pico/pico-sdk/src/rp2_common/hardware_flash/flash.c.obj
                0x200003ac                flash_do_cmd
 *(.text*)
 .text          0x2000046c        0x4 c:/progra~2/gnuarm~1/102020~1/bin/../lib/gcc/arm-none-eabi/10.2.1/thumb/v6-m/nofp\libgcc.a(_dvmd_tls.o)
                0x2000046c                __aeabi_idiv0
                0x2000046c                __aeabi_ldiv0
 .text.__stub   0x20000470       0x50 linker stubs
                0x200004c0                . = ALIGN (0x4)
 *(.rodata*)
                0x200004c0                . = ALIGN (0x4)
 *(.data*)
 .data.average  0x200004c0        0x4 CMakeFiles/Lab11.dir/main.c.obj
                0x200004c0                average
 .data.inputs   0x200004c4      0x200 CMakeFiles/Lab11.dir/main.c.obj
                0x200004c4                inputs
 .data.q        0x200006c4        0x4 CMakeFiles/Lab11.dir/c_average.c.obj
                0x200006c4                q
 .data.striped_spin_lock_num
                0x200006c8        0x1 CMakeFiles/Lab11.dir/C_/pico/pico-sdk/src/rp2_common/hardware_sync/sync.c.obj
 *fill*         0x200006c9        0x3 
 .data.default_alarm_pool
                0x200006cc       0x18 CMakeFiles/Lab11.dir/C_/pico/pico-sdk/src/common/pico_time/time.c.obj
 .data.default_alarm_pool_heap
                0x200006e4       0x10 CMakeFiles/Lab11.dir/C_/pico/pico-sdk/src/common/pico_time/time.c.obj
 .data          0x200006f4       0x48 CMakeFiles/Lab11.dir/C_/pico/pico-sdk/src/rp2_common/hardware_irq/irq_handler_chain.S.obj
                0x200006f4                irq_handler_chain_slots
                0x20000724                irq_handler_chain_first_slot
                0x2000072e                irq_handler_chain_remove_tail
 *fill*         0x2000073c        0x4 
 .data.aeabi_bits_funcs
                0x20000740       0x10 CMakeFiles/Lab11.dir/C_/pico/pico-sdk/src/rp2_common/pico_bit_ops/bit_ops_aeabi.S.obj
                0x20000740                aeabi_bits_funcs
                0x20000750                aeabi_bits_funcs_end
 .data.aeabi_mem_funcs
                0x20000750       0x10 CMakeFiles/Lab11.dir/C_/pico/pico-sdk/src/rp2_common/pico_mem_ops/mem_ops_aeabi.S.obj
                0x20000750                aeabi_mem_funcs
                0x20000760                aeabi_mem_funcs_end
 .data.stdio_uart
                0x20000760       0x14 CMakeFiles/Lab11.dir/C_/pico/pico-sdk/src/rp2_common/pico_stdio_uart/stdio_uart.c.obj
                0x20000760                stdio_uart
 .data.stdio_usb
                0x20000774       0x14 CMakeFiles/Lab11.dir/C_/pico/pico-sdk/src/rp2_common/pico_stdio_usb/stdio_usb.c.obj
                0x20000774                stdio_usb
 .data.ep_dir_string
                0x20000788        0x8 CMakeFiles/Lab11.dir/C_/pico/pico-sdk/lib/tinyusb/src/portable/raspberrypi/rp2040/rp2040_usb.c.obj
                0x20000788                ep_dir_string
 .data._usbd_qdef
                0x20000790       0x24 CMakeFiles/Lab11.dir/C_/pico/pico-sdk/lib/tinyusb/src/device/usbd.c.obj
                0x20000790                _usbd_qdef
                0x200007b4                . = ALIGN (0x4)
 *(.after_data.*)
                0x200007b4                . = ALIGN (0x4)
                0x200007b4                PROVIDE (__mutex_array_start = .)
 *(SORT_BY_NAME(.mutex_array.*))
 *(.mutex_array)
 .mutex_array   0x200007b4        0x8 CMakeFiles/Lab11.dir/C_/pico/pico-sdk/src/rp2_common/pico_stdio/stdio.c.obj
                0x200007bc                PROVIDE (__mutex_array_end = .)
                0x200007bc                . = ALIGN (0x4)
                0x200007bc                PROVIDE (__preinit_array_start = .)
 *(SORT_BY_NAME(.preinit_array.*))
 .preinit_array.00001
                0x200007bc        0x4 CMakeFiles/Lab11.dir/C_/pico/pico-sdk/src/rp2_common/pico_mem_ops/mem_ops_aeabi.S.obj
 .preinit_array.00010
                0x200007c0        0x4 CMakeFiles/Lab11.dir/C_/pico/pico-sdk/src/rp2_common/pico_bit_ops/bit_ops_aeabi.S.obj
 .preinit_array.00020
                0x200007c4        0x4 CMakeFiles/Lab11.dir/C_/pico/pico-sdk/src/rp2_common/pico_double/double_aeabi.S.obj
 .preinit_array.00020
                0x200007c8        0x4 CMakeFiles/Lab11.dir/C_/pico/pico-sdk/src/rp2_common/pico_float/float_aeabi.S.obj
 *(.preinit_array)
                0x200007cc                PROVIDE (__preinit_array_end = .)
                0x200007cc                . = ALIGN (0x4)
                0x200007cc                PROVIDE (__init_array_start = .)
 *(SORT_BY_NAME(.init_array.*))
 *(.init_array)
 .init_array    0x200007cc        0x4 c:/progra~2/gnuarm~1/102020~1/bin/../lib/gcc/arm-none-eabi/10.2.1/thumb/v6-m/nofp/crtbegin.o
 .init_array    0x200007d0        0x4 CMakeFiles/Lab11.dir/C_/pico/pico-sdk/src/rp2_common/pico_unique_id/unique_id.c.obj
                0x200007d4                PROVIDE (__init_array_end = .)
                0x200007d4                . = ALIGN (0x4)
                [!provide]                PROVIDE (__fini_array_start = .)
 *(SORT_BY_NAME(.fini_array.*))
 *(.fini_array)
                [!provide]                PROVIDE (__fini_array_end = .)
 *(.jcr)
                0x200007d4                . = ALIGN (0x4)
                0x200007d4                __data_end__ = .

.igot.plt       0x200007d4        0x0 load address 0x10009134
 .igot.plt      0x200007d4        0x0 c:/progra~2/gnuarm~1/102020~1/bin/../lib/gcc/arm-none-eabi/10.2.1/thumb/v6-m/nofp/crtbegin.o

.uninitialized_data
                0x200007d4        0x0 load address 0x10009134
                0x200007d4                . = ALIGN (0x4)
 *(.uninitialized_data*)

.scratch_x      0x20040000        0x0 load address 0x10009134
                0x20040000                __scratch_x_start__ = .
 *(.scratch_x.*)
                0x20040000                . = ALIGN (0x4)
                0x20040000                __scratch_x_end__ = .
                0x10009134                __scratch_x_source__ = LOADADDR (.scratch_x)

.scratch_y      0x20041000        0x0 load address 0x10009134
                0x20041000                __scratch_y_start__ = .
 *(.scratch_y.*)
                0x20041000                . = ALIGN (0x4)
                0x20041000                __scratch_y_end__ = .
                0x10009134                __scratch_y_source__ = LOADADDR (.scratch_y)

.bss            0x200007d8      0xd68
                0x200007d8                . = ALIGN (0x4)
                0x200007d8                __bss_start__ = .
 *(SORT_BY_ALIGNMENT(SORT_BY_NAME(.bss*)))
 .bss.default_alarm_pool_entries
                0x200007d8      0x100 CMakeFiles/Lab11.dir/C_/pico/pico-sdk/src/common/pico_time/time.c.obj
 .bss.last_avail_time.2
                0x200008d8        0x8 CMakeFiles/Lab11.dir/C_/pico/pico-sdk/src/rp2_common/pico_stdio_usb/stdio_usb.c.obj
 .bss           0x200008e0       0x1c c:/progra~2/gnuarm~1/102020~1/bin/../lib/gcc/arm-none-eabi/10.2.1/thumb/v6-m/nofp/crtbegin.o
 .bss._app_driver
                0x200008fc        0x4 CMakeFiles/Lab11.dir/C_/pico/pico-sdk/lib/tinyusb/src/device/usbd.c.obj
 .bss._cdcd_itf
                0x20000900      0x2d8 CMakeFiles/Lab11.dir/C_/pico/pico-sdk/lib/tinyusb/src/class/cdc/cdc_device.c.obj
 .bss._ctrl_xfer
                0x20000bd8       0x14 CMakeFiles/Lab11.dir/C_/pico/pico-sdk/lib/tinyusb/src/device/usbd_control.c.obj
 .bss._ubsd_mutexdef
                0x20000bec        0x8 CMakeFiles/Lab11.dir/C_/pico/pico-sdk/lib/tinyusb/src/device/usbd.c.obj
 .bss._usbd_ctrl_buf
                0x20000bf4       0x40 CMakeFiles/Lab11.dir/C_/pico/pico-sdk/lib/tinyusb/src/device/usbd_control.c.obj
 .bss._usbd_dev
                0x20000c34       0x37 CMakeFiles/Lab11.dir/C_/pico/pico-sdk/lib/tinyusb/src/device/usbd.c.obj
 *fill*         0x20000c6b        0x1 
 .bss._usbd_mutex
                0x20000c6c        0x4 CMakeFiles/Lab11.dir/C_/pico/pico-sdk/lib/tinyusb/src/device/usbd.c.obj
 .bss._usbd_q   0x20000c70        0x4 CMakeFiles/Lab11.dir/C_/pico/pico-sdk/lib/tinyusb/src/device/usbd.c.obj
 .bss._usbd_qdef_buf
                0x20000c74       0xc0 CMakeFiles/Lab11.dir/C_/pico/pico-sdk/lib/tinyusb/src/device/usbd.c.obj
                0x20000c74                _usbd_qdef_buf
 .bss.alarm_callbacks
                0x20000d34       0x10 CMakeFiles/Lab11.dir/C_/pico/pico-sdk/src/rp2_common/hardware_timer/timer.c.obj
 .bss.boot2_copyout
                0x20000d44      0x100 CMakeFiles/Lab11.dir/C_/pico/pico-sdk/src/rp2_common/hardware_flash/flash.c.obj
 .bss.claimed   0x20000e44        0x4 CMakeFiles/Lab11.dir/C_/pico/pico-sdk/src/rp2_common/hardware_sync/sync.c.obj
 .bss.configured_freq
                0x20000e48       0x28 CMakeFiles/Lab11.dir/C_/pico/pico-sdk/src/rp2_common/hardware_clocks/clocks.c.obj
 .bss.default_alarm_pool_entry_ids_high
                0x20000e70       0x10 CMakeFiles/Lab11.dir/C_/pico/pico-sdk/src/common/pico_time/time.c.obj
 .bss.default_alarm_pool_heap_nodes
                0x20000e80       0x30 CMakeFiles/Lab11.dir/C_/pico/pico-sdk/src/common/pico_time/time.c.obj
 .bss.desc_str.0
                0x20000eb0       0x28 CMakeFiles/Lab11.dir/C_/pico/pico-sdk/src/rp2_common/pico_stdio_usb/stdio_usb_descriptors.c.obj
 .bss.drivers   0x20000ed8        0x4 CMakeFiles/Lab11.dir/C_/pico/pico-sdk/src/rp2_common/pico_stdio/stdio.c.obj
 .bss.filter    0x20000edc        0x4 CMakeFiles/Lab11.dir/C_/pico/pico-sdk/src/rp2_common/pico_stdio/stdio.c.obj
 .bss.hw_endpoints
                0x20000ee0      0x400 CMakeFiles/Lab11.dir/C_/pico/pico-sdk/lib/tinyusb/src/portable/raspberrypi/rp2040/dcd_rp2040.c.obj
 .bss.load_value
                0x200012e0        0x4 CMakeFiles/Lab11.dir/C_/pico/pico-sdk/src/rp2_common/hardware_watchdog/watchdog.c.obj
 .bss.next_buffer_ptr
                0x200012e4        0x4 CMakeFiles/Lab11.dir/C_/pico/pico-sdk/lib/tinyusb/src/portable/raspberrypi/rp2040/dcd_rp2040.c.obj
 .bss.pools     0x200012e8       0x10 CMakeFiles/Lab11.dir/C_/pico/pico-sdk/src/common/pico_time/time.c.obj
 .bss.retrieved_id
                0x200012f8        0x8 CMakeFiles/Lab11.dir/C_/pico/pico-sdk/src/rp2_common/pico_unique_id/unique_id.c.obj
 .bss.sd_table  0x20001300      0x100 CMakeFiles/Lab11.dir/C_/pico/pico-sdk/src/rp2_common/pico_double/double_init_rom.c.obj
                0x20001300                sd_table
 .bss.sf_clz_func
                0x20001400        0x4 CMakeFiles/Lab11.dir/C_/pico/pico-sdk/src/rp2_common/pico_float/float_init_rom.c.obj
                0x20001400                sf_clz_func
 .bss.sf_table  0x20001404      0x100 CMakeFiles/Lab11.dir/C_/pico/pico-sdk/src/rp2_common/pico_float/float_init_rom.c.obj
                0x20001404                sf_table
 .bss.sleep_notifier
                0x20001504        0x4 CMakeFiles/Lab11.dir/C_/pico/pico-sdk/src/common/pico_time/time.c.obj
 .bss.stdio_usb_mutex
                0x20001508        0x8 CMakeFiles/Lab11.dir/C_/pico/pico-sdk/src/rp2_common/pico_stdio_usb/stdio_usb.c.obj
 .bss.target_hi
                0x20001510       0x10 CMakeFiles/Lab11.dir/C_/pico/pico-sdk/src/rp2_common/hardware_timer/timer.c.obj
 .bss.uart_char_to_line_feed
                0x20001520        0x4 CMakeFiles/Lab11.dir/C_/pico/pico-sdk/src/rp2_common/hardware_uart/uart.c.obj
                0x20001520                uart_char_to_line_feed
 .bss.uart_instance
                0x20001524        0x4 CMakeFiles/Lab11.dir/C_/pico/pico-sdk/src/rp2_common/pico_stdio_uart/stdio_uart.c.obj
 .bss.usbd_serial_str
                0x20001528       0x11 CMakeFiles/Lab11.dir/C_/pico/pico-sdk/src/rp2_common/pico_stdio_usb/stdio_usb_descriptors.c.obj
 .bss._app_driver_count
                0x20001539        0x1 CMakeFiles/Lab11.dir/C_/pico/pico-sdk/lib/tinyusb/src/device/usbd.c.obj
 .bss._usbd_initialized
                0x2000153a        0x1 CMakeFiles/Lab11.dir/C_/pico/pico-sdk/lib/tinyusb/src/device/usbd.c.obj
 .bss.boot2_copyout_valid
                0x2000153b        0x1 CMakeFiles/Lab11.dir/C_/pico/pico-sdk/src/rp2_common/hardware_flash/flash.c.obj